
> test
> node --test

TAP version 13
# Subtest: negative calibrated RX is unavailable instead of a false zero
ok 1 - negative calibrated RX is unavailable instead of a false zero
  ---
  duration_ms: 2.721271
  type: 'test'
  ...
# Subtest: header RX uses only the stable aggTrade feed and never renders literal zero
ok 2 - header RX uses only the stable aggTrade feed and never renders literal zero
  ---
  duration_ms: 0.470306
  type: 'test'
  ...
# Subtest: AGG painter renders the aggregate price sweep instead of only its first-price label
ok 3 - AGG painter renders the aggregate price sweep instead of only its first-price label
  ---
  duration_ms: 0.684406
  type: 'test'
  ...
# Subtest: Binance clock estimator uses the fastest midpoint-compensated samples
ok 4 - Binance clock estimator uses the fastest midpoint-compensated samples
  ---
  duration_ms: 2.872533
  type: 'test'
  ...
# Subtest: first calibration replaces an inaccurate local fallback with Binance time
ok 5 - first calibration replaces an inaccurate local fallback with Binance time
  ---
  duration_ms: 0.670539
  type: 'test'
  ...
# Subtest: calibrated Binance time advances from a monotonic performance anchor
ok 6 - calibrated Binance time advances from a monotonic performance anchor
  ---
  duration_ms: 0.478792
  type: 'test'
  ...
# Subtest: Tape live edge follows the shared Binance time instead of the last packet alone
ok 7 - Tape live edge follows the shared Binance time instead of the last packet alone
  ---
  duration_ms: 0.318163
  type: 'test'
  ...
# Subtest: browser clock, flow window and Tape use one shared calibrated source
ok 8 - browser clock, flow window and Tape use one shared calibrated source
  ---
  duration_ms: 5.069507
  type: 'test'
  ...
# Subtest: Binance Spot uses independent market-qualified Worker feeds
ok 9 - Binance Spot uses independent market-qualified Worker feeds
  ---
  duration_ms: 1.607827
  type: 'test'
  ...
# Subtest: Spot tape hotfix invalidates the full browser runtime chain
ok 10 - Spot tape hotfix invalidates the full browser runtime chain
  ---
  duration_ms: 3.427517
  type: 'test'
  ...
# Subtest: Spot depth and trades use official Spot endpoints
ok 11 - Spot depth and trades use official Spot endpoints
  ---
  duration_ms: 0.275724
  type: 'test'
  ...
# Subtest: Futures card checks pair availability and opens Spot on the right
ok 12 - Futures card checks pair availability and opens Spot on the right
  ---
  duration_ms: 0.269862
  type: 'test'
  ...
# Subtest: browser and server CSP allow only the required Binance Spot transports
ok 13 - browser and server CSP allow only the required Binance Spot transports
  ---
  duration_ms: 0.207697
  type: 'test'
  ...
# Subtest: comfort preview remains isolated to chart and Tape canvases
ok 14 - comfort preview remains isolated to chart and Tape canvases
  ---
  duration_ms: 1.454752
  type: 'test'
  ...
# Subtest: canvas preview does not mutate persisted comfort state
ok 15 - canvas preview does not mutate persisted comfort state
  ---
  duration_ms: 0.411958
  type: 'test'
  ...
# Subtest: thumb stays frame-smooth while palette preview is throttled
ok 16 - thumb stays frame-smooth while palette preview is throttled
  ---
  duration_ms: 6.64819
  type: 'test'
  ...
# Subtest: palette preview yields while Tape has pending flow work
ok 17 - palette preview yields while Tape has pending flow work
  ---
  duration_ms: 1.150304
  type: 'test'
  ...
# Subtest: drag preview updates the complete site palette and Canvas theme
ok 18 - drag preview updates the complete site palette and Canvas theme
  ---
  duration_ms: 0.606951
  type: 'test'
  ...
# Subtest: release applies the complete palette and heavy visual modules once
ok 19 - release applies the complete palette and heavy visual modules once
  ---
  duration_ms: 0.471138
  type: 'test'
  ...
# Subtest: Tape-priority comfort build ships fresh cache keys
ok 20 - Tape-priority comfort build ships fresh cache keys
  ---
  duration_ms: 0.266907
  type: 'test'
  ...
# Subtest: event radar groups current signal types without changing signal formulas
ok 21 - event radar groups current signal types without changing signal formulas
  ---
  duration_ms: 1.522628
  type: 'test'
  ...
# Subtest: event radar remembers first seen time and restarts after a real gap
ok 22 - event radar remembers first seen time and restarts after a real gap
  ---
  duration_ms: 0.83684
  type: 'test'
  ...
# Subtest: event radar reports lifecycle and data quality honestly
ok 23 - event radar reports lifecycle and data quality honestly
  ---
  duration_ms: 1.316374
  type: 'test'
  ...
# Subtest: event radar distinguishes waiting, warmup, live and stale feed states
ok 24 - event radar distinguishes waiting, warmup, live and stale feed states
  ---
  duration_ms: 0.576815
  type: 'test'
  ...
# Subtest: full-market bootstrap only targets the Binance core miniTicker stream
ok 25 - full-market bootstrap only targets the Binance core miniTicker stream
  ---
  duration_ms: 1.329127
  type: 'test'
  ...
# Subtest: REST rows become one valid miniTicker market batch
ok 26 - REST rows become one valid miniTicker market batch
  ---
  duration_ms: 0.409884
  type: 'test'
  ...
# Subtest: history warmup waits for the base list and then advances in bounded batches
ok 27 - history warmup waits for the base list and then advances in bounded batches
  ---
  duration_ms: 1.770079
  type: 'test'
  ...
# Subtest: market bootstrap uses sequential fallback instead of three duplicate downloads
ok 28 - market bootstrap uses sequential fallback instead of three duplicate downloads
  ---
  duration_ms: 0.382483
  type: 'test'
  ...
# Subtest: browser shim is bounded and does not touch user storage
ok 29 - browser shim is bounded and does not touch user storage
  ---
  duration_ms: 0.302735
  type: 'test'
  ...
# Subtest: footprint projection ignores the transient off-grid current-price row
ok 30 - footprint projection ignores the transient off-grid current-price row
  ---
  duration_ms: 2.601208
  type: 'test'
  ...
# Subtest: partial OHLC remains projected at the visible edge
ok 31 - partial OHLC remains projected at the visible edge
  ---
  duration_ms: 0.496264
  type: 'test'
  ...
# Subtest: series keeps one staircase coordinate per visual millisecond
ok 32 - series keeps one staircase coordinate per visual millisecond
  ---
  duration_ms: 0.827983
  type: 'test'
  ...
# Subtest: runtime draws chart-style cluster candles and a Tape staircase
ok 33 - runtime draws chart-style cluster candles and a Tape staircase
  ---
  duration_ms: 1.86207
  type: 'test'
  ...
# Subtest: brightness is between Download and Sound and runtime key is atomic
ok 34 - brightness is between Download and Sound and runtime key is atomic
  ---
  duration_ms: 3.666392
  type: 'test'
  ...
# Subtest: footprint ignores a repeated execution instead of growing closed clusters
ok 35 - footprint ignores a repeated execution instead of growing closed clusters
  ---
  duration_ms: 3.824087
  type: 'test'
  ...
# Subtest: POC selects the largest traded price and resolves ties near the close
ok 36 - POC selects the largest traded price and resolves ties near the close
  ---
  duration_ms: 0.248473
  type: 'test'
  ...
# Subtest: Tape preserves exact execution time while the shared clock owns the live edge
ok 37 - Tape preserves exact execution time while the shared clock owns the live edge
  ---
  duration_ms: 0.219268
  type: 'test'
  ...
# Subtest: comfort preview covers the full palette and all live Canvas surfaces
ok 38 - comfort preview covers the full palette and all live Canvas surfaces
  ---
  duration_ms: 1.213622
  type: 'test'
  ...
# Subtest: closed footprint levels and site clock stay stable
ok 39 - closed footprint levels and site clock stay stable
  ---
  duration_ms: 4.565125
  type: 'test'
  ...
# Subtest: header exposes exactly four command buttons in requested order
ok 40 - header exposes exactly four command buttons in requested order
  ---
  duration_ms: 6.157275
  type: 'test'
  ...
# Subtest: supplied logo and compact brand are used
ok 41 - supplied logo and compact brand are used
  ---
  duration_ms: 4.832536
  type: 'test'
  ...
# Subtest: clock can float and magnetically return to its dock
ok 42 - clock can float and magnetically return to its dock
  ---
  duration_ms: 1.785367
  type: 'test'
  ...
# Subtest: brightness sits between Download and Sound while radar stays in settings
ok 43 - brightness sits between Download and Sound while radar stays in settings
  ---
  duration_ms: 0.773572
  type: 'test'
  ...
# Subtest: release inventory includes the product logo
ok 44 - release inventory includes the product logo
  ---
  duration_ms: 0.34876
  type: 'test'
  ...
# Subtest: lite shell disables removed first-screen modules before app startup
ok 45 - lite shell disables removed first-screen modules before app startup
  ---
  duration_ms: 1.665705
  type: 'test'
  ...
# Subtest: lite shell preserves user-created workspace panels
ok 46 - lite shell preserves user-created workspace panels
  ---
  duration_ms: 0.328392
  type: 'test'
  ...
# Subtest: hidden primary chart no longer performs heavy history requests or kline streaming
ok 47 - hidden primary chart no longer performs heavy history requests or kline streaming
  ---
  duration_ms: 0.222424
  type: 'test'
  ...
# Subtest: first market render is immediate and subsequent renders are paced
ok 48 - first market render is immediate and subsequent renders are paced
  ---
  duration_ms: 2.009976
  type: 'test'
  ...
# Subtest: lite shell never clears user settings or Signal Lab storage
ok 49 - lite shell never clears user settings or Signal Lab storage
  ---
  duration_ms: 0.421856
  type: 'test'
  ...
# Subtest: priority Worker Tape uses a 4 ms micro-batch
ok 50 - priority Worker Tape uses a 4 ms micro-batch
  ---
  duration_ms: 2.400273
  type: 'test'
  ...
# Subtest: legacy fallback uses the same 4 ms target
ok 51 - legacy fallback uses the same 4 ms target
  ---
  duration_ms: 1.750112
  type: 'test'
  ...
# Subtest: new Worker build is consistent across runtime
ok 52 - new Worker build is consistent across runtime
  ---
  duration_ms: 1.774717
  type: 'test'
  ...
# Subtest: runtime leaves animation frames native and local to each widget
ok 53 - runtime leaves animation frames native and local to each widget
  ---
  duration_ms: 1.130477
  type: 'test'
  ...
# Subtest: removing render lanes does not widen recovery storage cleanup
ok 54 - removing render lanes does not widen recovery storage cleanup
  ---
  duration_ms: 0.238304
  type: 'test'
  ...
# Subtest: files keep correct identities
ok 55 - files keep correct identities
  ---
  duration_ms: 1.394058
  type: 'test'
  ...
# Subtest: background return reuses Worker with guarded staggered recovery
ok 56 - background return reuses Worker with guarded staggered recovery
  ---
  duration_ms: 0.453866
  type: 'test'
  ...
# Subtest: normalizes and deduplicates trade history
ok 57 - normalizes and deduplicates trade history
  ---
  duration_ms: 29.009367
  type: 'test'
  ...
# Subtest: footprint columns preserve time, price and aggressor totals
ok 58 - footprint columns preserve time, price and aggressor totals
  ---
  duration_ms: 0.663406
  type: 'test'
  ...
# Subtest: flow window and visible count stay independent from pane width
ok 59 - flow window and visible count stay independent from pane width
  ---
  duration_ms: 0.445089
  type: 'test'
  ...
# Subtest: footprint tone reports buy and sell dominance
ok 60 - footprint tone reports buy and sell dominance
  ---
  duration_ms: 0.194623
  type: 'test'
  ...
# Subtest: 1M and 5M clusters use aligned live intervals without delta
ok 61 - 1M and 5M clusters use aligned live intervals without delta
  ---
  duration_ms: 2.004796
  type: 'test'
  ...
# Subtest: a live reset clears both cluster timeframes
ok 62 - a live reset clears both cluster timeframes
  ---
  duration_ms: 0.224829
  type: 'test'
  ...
# Subtest: cluster history keeps aligned 1M and 5M columns
ok 63 - cluster history keeps aligned 1M and 5M columns
  ---
  duration_ms: 0.707189
  type: 'test'
  ...
# Subtest: Ctrl+wheel compacts columns toward LIVE and dragging can inspect older intervals
ok 64 - Ctrl+wheel compacts columns toward LIVE and dragging can inspect older intervals
  ---
  duration_ms: 0.378506
  type: 'test'
  ...
# Subtest: Flow Workspace redraw observer cannot trigger itself
ok 65 - Flow Workspace redraw observer cannot trigger itself
  ---
  duration_ms: 1.352871
  type: 'test'
  ...
# Subtest: starts on aggregate live and promotes raw only inside the shadow guard
ok 66 - starts on aggregate live and promotes raw only inside the shadow guard
  ---
  duration_ms: 1.618225
  type: 'test'
  ...
# Subtest: raw sequence gap immediately falls back without emitting the broken trade
ok 67 - raw sequence gap immediately falls back without emitting the broken trade
  ---
  duration_ms: 0.373656
  type: 'test'
  ...
# Subtest: aggregate fallback waits for a fully new range to avoid double volume
ok 68 - aggregate fallback waits for a fully new range to avoid double volume
  ---
  duration_ms: 1.873632
  type: 'test'
  ...
# Subtest: recovery to raw requires consecutive IDs beyond the aggregate boundary
ok 69 - recovery to raw requires consecutive IDs beyond the aggregate boundary
  ---
  duration_ms: 0.313525
  type: 'test'
  ...
# Subtest: invalid, duplicate and out-of-order events never reach the tape
ok 70 - invalid, duplicate and out-of-order events never reach the tape
  ---
  duration_ms: 0.446733
  type: 'test'
  ...
# Subtest: production worker keeps visual RAW stable and routes guarded raw trades only to AGG
ok 71 - production worker keeps visual RAW stable and routes guarded raw trades only to AGG
  ---
  duration_ms: 1.279405
  type: 'test'
  ...
# Subtest: manual orderbook scroll remains authoritative
ok 72 - manual orderbook scroll remains authoritative
  ---
  duration_ms: 2.744294
  type: 'test'
  ...
# Subtest: Ctrl+wheel changes a fixed 1/2/5 price-step multiplier
ok 73 - Ctrl+wheel changes a fixed 1/2/5 price-step multiplier
  ---
  duration_ms: 1.093558
  type: 'test'
  ...
# Subtest: short background switches use a grace period
ok 74 - short background switches use a grace period
  ---
  duration_ms: 1.822176
  type: 'test'
  ...
# Subtest: healthy sockets resume without REST backfill
ok 75 - healthy sockets resume without REST backfill
  ---
  duration_ms: 0.813075
  type: 'test'
  ...
# Subtest: long background keeps a frozen Tape frame
ok 76 - long background keeps a frozen Tape frame
  ---
  duration_ms: 0.3918
  type: 'test'
  ...
# Subtest: Tape clock advances continuously while the live stream is healthy
ok 77 - Tape clock advances continuously while the live stream is healthy
  ---
  duration_ms: 0.285812
  type: 'test'
  ...
# Subtest: footprint preserves its canvas while the feed recovers
ok 78 - footprint preserves its canvas while the feed recovers
  ---
  duration_ms: 0.298797
  type: 'test'
  ...
# Subtest: a delayed feed retries independently
ok 79 - a delayed feed retries independently
  ---
  duration_ms: 0.493219
  type: 'test'
  ...
# Subtest: Resume v2 ships one consistent runtime
ok 80 - Resume v2 ships one consistent runtime
  ---
  duration_ms: 0.269102
  type: 'test'
  ...
# Subtest: manager hard restart preserves frozen symbol frames
ok 81 - manager hard restart preserves frozen symbol frames
  ---
  duration_ms: 0.382883
  type: 'test'
  ...
# Subtest: normal reload keeps one consistent runtime build
ok 82 - normal reload keeps one consistent runtime build
  ---
  duration_ms: 1.586547
  type: 'test'
  ...
# Subtest: worker-unavailable fallback does not leave a health interval open
ok 83 - worker-unavailable fallback does not leave a health interval open
  ---
  duration_ms: 0.308144
  type: 'test'
  ...
# Subtest: hidden tabs close sockets instead of accumulating a stale queue
ok 84 - hidden tabs close sockets instead of accumulating a stale queue
  ---
  duration_ms: 0.405436
  type: 'test'
  ...
# Subtest: workspace order is footprint then Tape then book
ok 85 - workspace order is footprint then Tape then book
  ---
  duration_ms: 0.293046
  type: 'test'
  ...
# Subtest: Tape and footprint visibility controls stay independent
ok 86 - Tape and footprint visibility controls stay independent
  ---
  duration_ms: 0.456541
  type: 'test'
  ...
# Subtest: RX uses calibrated Binance server time
ok 87 - RX uses calibrated Binance server time
  ---
  duration_ms: 0.471138
  type: 'test'
  ...
# Subtest: multi-book worker prioritizes UI without truncating local depth
ok 88 - multi-book worker prioritizes UI without truncating local depth
  ---
  duration_ms: 0.747322
  type: 'test'
  ...
# Subtest: background return reuses the existing worker before a guarded restart
ok 89 - background return reuses the existing worker before a guarded restart
  ---
  duration_ms: 1.618286
  type: 'test'
  ...
# Subtest: last rendered book remains visible while strict resync happens
ok 90 - last rendered book remains visible while strict resync happens
  ---
  duration_ms: 0.523476
  type: 'test'
  ...
# Subtest: resume prioritizes the last selected symbol and staggers other feeds
ok 91 - resume prioritizes the last selected symbol and staggers other feeds
  ---
  duration_ms: 0.280503
  type: 'test'
  ...
# Subtest: every resume starts a clean live-only Tape without REST history
ok 92 - every resume starts a clean live-only Tape without REST history
  ---
  duration_ms: 2.085797
  type: 'test'
  ...
# Subtest: cache versions keep seamless resume while shipping Resume v2
ok 93 - cache versions keep seamless resume while shipping Resume v2
  ---
  duration_ms: 0.35974
  type: 'test'
  ...
# Subtest: latency helper keeps exchange and browser timestamps separate
ok 94 - latency helper keeps exchange and browser timestamps separate
  ---
  duration_ms: 2.239143
  type: 'test'
  ...
# Subtest: REST timing stays without a fake receive timestamp
ok 95 - REST timing stays without a fake receive timestamp
  ---
  duration_ms: 0.391701
  type: 'test'
  ...
# Subtest: latency helper rejects clock outliers
ok 96 - latency helper rejects clock outliers
  ---
  duration_ms: 1.697133
  type: 'test'
  ...
# Subtest: RX display is a rolling short-window median
ok 97 - RX display is a rolling short-window median
  ---
  duration_ms: 0.735471
  type: 'test'
  ...
# Subtest: worker records receive time and exposes RX in live status
ok 98 - worker records receive time and exposes RX in live status
  ---
  duration_ms: 0.683333
  type: 'test'
  ...
# Subtest: UI preserves timing fields for future hover and replay
ok 99 - UI preserves timing fields for future hover and replay
  ---
  duration_ms: 0.416847
  type: 'test'
  ...
# Subtest: Tape cycles RAW, AGG and SERIES while keeping RAW default
ok 100 - Tape cycles RAW, AGG and SERIES while keeping RAW default
  ---
  duration_ms: 1.717291
  type: 'test'
  ...
# Subtest: water renderer owns stable event geometry
ok 101 - water renderer owns stable event geometry
  ---
  duration_ms: 1.633745
  type: 'test'
  ...
# Subtest: Flow Workspace cache and reset page point to water runtime
ok 102 - Flow Workspace cache and reset page point to water runtime
  ---
  duration_ms: 0.28975
  type: 'test'
  ...
# Subtest: production TAPE accepts only live packets and starts from an empty frame
ok 103 - production TAPE accepts only live packets and starts from an empty frame
  ---
  duration_ms: 1.356898
  type: 'test'
  ...
# Subtest: sparse trades stay on real time
ok 104 - sparse trades stay on real time
  ---
  duration_ms: 1.718874
  type: 'test'
  ...
# Subtest: same-time packet remains local and chronological
ok 105 - same-time packet remains local and chronological
  ---
  duration_ms: 7.926783
  type: 'test'
  ...
# Subtest: continuous flow is split into local groups
ok 106 - continuous flow is split into local groups
  ---
  duration_ms: 3.094608
  type: 'test'
  ...
# Subtest: past trades never receive density-dependent vertical offsets
ok 107 - past trades never receive density-dependent vertical offsets
  ---
  duration_ms: 0.49347
  type: 'test'
  ...
# Subtest: neighboring dense groups never cross chronological order
ok 108 - neighboring dense groups never cross chronological order
  ---
  duration_ms: 0.684085
  type: 'test'
  ...
# Subtest: dense raw dots shrink while large sparse dots stay visible
ok 109 - dense raw dots shrink while large sparse dots stay visible
  ---
  duration_ms: 0.274632
  type: 'test'
  ...
# Subtest: agg labels are selective and non-overlapping
ok 110 - agg labels are selective and non-overlapping
  ---
  duration_ms: 0.892734
  type: 'test'
  ...
# Subtest: AGG label uses the price-range midpoint
ok 111 - AGG label uses the price-range midpoint
  ---
  duration_ms: 1.287248
  type: 'test'
  ...
# Subtest: same-millisecond AGG groups receive stable non-overlapping ordinals
ok 112 - same-millisecond AGG groups receive stable non-overlapping ordinals
  ---
  duration_ms: 3.641055
  type: 'test'
  ...
# Subtest: tape time scale supports close flow and long history
ok 113 - tape time scale supports close flow and long history
  ---
  duration_ms: 0.351215
  type: 'test'
  ...
# Subtest: settings expose 80-200 font scale and verified shortcut sections only
ok 114 - settings expose 80-200 font scale and verified shortcut sections only
  ---
  duration_ms: 2.02335
  type: 'test'
  ...
# Subtest: clusters use the brighter dominance fill
ok 115 - clusters use the brighter dominance fill
  ---
  duration_ms: 0.494793
  type: 'test'
  ...
# Subtest: narrow books give unused price space back to sizes and mark the full current level
ok 116 - narrow books give unused price space back to sizes and mark the full current level
  ---
  duration_ms: 2.159975
  type: 'test'
  ...
# Subtest: ordinary sizes are neutral and full-book anomalies have three tiers
ok 117 - ordinary sizes are neutral and full-book anomalies have three tiers
  ---
  duration_ms: 1.621795
  type: 'test'
  ...
# Subtest: size labels stay readable and hover shows distance from current price
ok 118 - size labels stay readable and hover shows distance from current price
  ---
  duration_ms: 2.606668
  type: 'test'
  ...
# Subtest: footprint uses one proportional dominance cell and interval candles
ok 119 - footprint uses one proportional dominance cell and interval candles
  ---
  duration_ms: 0.800872
  type: 'test'
  ...
# Subtest: cluster history is compact, pannable and follows the brightness palette
ok 120 - cluster history is compact, pannable and follows the brightness palette
  ---
  duration_ms: 0.842009
  type: 'test'
  ...
# Subtest: Tape paints the active panel theme instead of a black canvas
ok 121 - Tape paints the active panel theme instead of a black canvas
  ---
  duration_ms: 0.374037
  type: 'test'
  ...
# Subtest: only full round prices affect text and the liquidity meter stays readable
ok 122 - only full round prices affect text and the liquidity meter stays readable
  ---
  duration_ms: 1.563564
  type: 'test'
  ...
# Subtest: live flow invalidates footprint while Tape keeps one coherent viewport
ok 123 - live flow invalidates footprint while Tape keeps one coherent viewport
  ---
  duration_ms: 2.102248
  type: 'test'
  ...
# Subtest: trade count is not shown above Tape
ok 124 - trade count is not shown above Tape
  ---
  duration_ms: 0.737515
  type: 'test'
  ...
# Subtest: visual priority ships one consistent runtime
ok 125 - visual priority ships one consistent runtime
  ---
  duration_ms: 0.613864
  type: 'test'
  ...
# Subtest: SERIES breaks on the first opposite raw aggressor
ok 126 - SERIES breaks on the first opposite raw aggressor
  ---
  duration_ms: 4.489547
  type: 'test'
  ...
# Subtest: footprint OHLC uses execution time rather than receive/display time
ok 127 - footprint OHLC uses execution time rather than receive/display time
  ---
  duration_ms: 2.60245
  type: 'test'
  ...
# Subtest: worker and main keep SERIES on a dedicated raw-only channel
ok 128 - worker and main keep SERIES on a dedicated raw-only channel
  ---
  duration_ms: 2.301219
  type: 'test'
  ...
# Subtest: SERIES ladder is visually stronger than aggregate paths
ok 129 - SERIES ladder is visually stronger than aggregate paths
  ---
  duration_ms: 1.320972
  type: 'test'
  ...
# Subtest: symbol lists are normalized, deduplicated and capped
ok 130 - symbol lists are normalized, deduplicated and capped
  ---
  duration_ms: 2.913339
  type: 'test'
  ...
# Subtest: RAW sequence gaps are counted only after the segment anchor
ok 131 - RAW sequence gaps are counted only after the segment anchor
  ---
  duration_ms: 0.55287
  type: 'test'
  ...
# Subtest: rejected trade payloads keep a usable sequence identity and an exact reason
ok 132 - rejected trade payloads keep a usable sequence identity and an exact reason
  ---
  duration_ms: 0.498959
  type: 'test'
  ...
# Subtest: zero-price zero-quantity RAW events are accepted only as sequence markers
ok 133 - zero-price zero-quantity RAW events are accepted only as sequence markers
  ---
  duration_ms: 0.649701
  type: 'test'
  ...
# Subtest: sequence markers complete aggregate ID coverage without adding executed volume
ok 134 - sequence markers complete aggregate ID coverage without adding executed volume
  ---
  duration_ms: 0.571165
  type: 'test'
  ...
# Subtest: invalid payload diagnostics are bounded to public market fields
ok 135 - invalid payload diagnostics are bounded to public market fields
  ---
  duration_ms: 0.443046
  type: 'test'
  ...
# Subtest: source-only stalls require continued counterpart activity after market silence
ok 136 - source-only stalls require continued counterpart activity after market silence
  ---
  duration_ms: 0.466229
  type: 'test'
  ...
# Subtest: aggregate sequence uses the complete f-l coverage range
ok 137 - aggregate sequence uses the complete f-l coverage range
  ---
  duration_ms: 0.408922
  type: 'test'
  ...
# Subtest: reconnect backoff is bounded and includes controlled jitter
ok 138 - reconnect backoff is bounded and includes controlled jitter
  ---
  duration_ms: 0.679617
  type: 'test'
  ...
# Subtest: reservoir keeps exact seen count while bounding retained values
ok 139 - reservoir keeps exact seen count while bounding retained values
  ---
  duration_ms: 0.727276
  type: 'test'
  ...
# Subtest: assessment never promotes an incomplete or short run
ok 140 - assessment never promotes an incomplete or short run
  ---
  duration_ms: 0.813737
  type: 'test'
  ...
# Subtest: assessment blocks RAW gaps, stalls and incomplete group coverage
ok 141 - assessment blocks RAW gaps, stalls and incomplete group coverage
  ---
  duration_ms: 0.326258
  type: 'test'
  ...
# Subtest: assessment blocks fast unplanned reconnects and unfinished recovery
ok 142 - assessment blocks fast unplanned reconnects and unfinished recovery
  ---
  duration_ms: 0.272949
  type: 'test'
  ...
# Subtest: clean assessment is explicitly one-run evidence, not production promotion
ok 143 - clean assessment is explicitly one-run evidence, not production promotion
  ---
  duration_ms: 0.232864
  type: 'test'
  ...
# Subtest: matching summary keeps exact totals and sampled distributions
ok 144 - matching summary keeps exact totals and sampled distributions
  ---
  duration_ms: 0.849754
  type: 'test'
  ...
# Subtest: browser lab stays isolated while production adds a guarded raw AGG channel
ok 145 - browser lab stays isolated while production adds a guarded raw AGG channel
  ---
  duration_ms: 1.590504
  type: 'test'
  ...
# runtime boot/network-only-sw/feed contracts passed
# Subtest: test-runtime-boot-cache-feed-v1.mjs
ok 28 - test-runtime-boot-cache-feed-v1.mjs
  ---
  duration_ms: 70.696823
  type: 'test'
  ...
# runtime self-healing contracts passed
# Subtest: test-runtime-self-heal-v1.mjs
ok 29 - test-runtime-self-heal-v1.mjs
  ---
  duration_ms: 43.63515
  type: 'test'
  ...
# Subtest: zero-ms AGG groups only consecutive executions with equal event time and side
ok 148 - zero-ms AGG groups only consecutive executions with equal event time and side
  ---
  duration_ms: 2.711794
  type: 'test'
  ...
# Subtest: only the right-most aggregate is OPEN and sealed history keeps object identity
ok 149 - only the right-most aggregate is OPEN and sealed history keeps object identity
  ---
  duration_ms: 0.771047
  type: 'test'
  ...
# Subtest: Tape UI keeps zero-ms AGG, adds SERIES and restores the marker threshold
ok 150 - Tape UI keeps zero-ms AGG, adds SERIES and restores the marker threshold
  ---
  duration_ms: 1.224842
  type: 'test'
  ...
# Subtest: paper stop realizes approximately minus one R when costs are disabled
ok 151 - paper stop realizes approximately minus one R when costs are disabled
  ---
  duration_ms: 2.99915
  type: 'test'
  ...
# Subtest: paper target executes partial and runner in one directional move
ok 152 - paper target executes partial and runner in one directional move
  ---
  duration_ms: 1.101332
  type: 'test'
  ...
# Subtest: paper partial moves the structural stop to entry
ok 153 - paper partial moves the structural stop to entry
  ---
  duration_ms: 0.42919
  type: 'test'
  ...
# Subtest: paper time stop closes at the latest observed market price
ok 154 - paper time stop closes at the latest observed market price
  ---
  duration_ms: 0.258662
  type: 'test'
  ...
# Subtest: fees and adverse slippage make a stopped trade no better than minus one R
ok 155 - fees and adverse slippage make a stopped trade no better than minus one R
  ---
  duration_ms: 0.409544
  type: 'test'
  ...
# Subtest: engine deduplicates one Signal Lab episode
ok 156 - engine deduplicates one Signal Lab episode
  ---
  duration_ms: 0.451191
  type: 'test'
  ...
# Subtest: engine updates equity and strategy statistics after close
ok 157 - engine updates equity and strategy statistics after close
  ---
  duration_ms: 0.926627
  type: 'test'
  ...
# Subtest: summary calculates PF, win rate and expectancy from closed paper trades
ok 158 - summary calculates PF, win rate and expectancy from closed paper trades
  ---
  duration_ms: 0.235128
  type: 'test'
  ...
# Subtest: catalog exposes only Signal Lab scalping families
ok 159 - catalog exposes only Signal Lab scalping families
  ---
  duration_ms: 3.666593
  type: 'test'
  ...
# Subtest: accepts a fresh confirmed cascade with live execution context
ok 160 - accepts a fresh confirmed cascade with live execution context
  ---
  duration_ms: 0.792206
  type: 'test'
  ...
# Subtest: rejects stale, non-INPLAY and partial-path signals
ok 161 - rejects stale, non-INPLAY and partial-path signals
  ---
  duration_ms: 0.336036
  type: 'test'
  ...
# Subtest: requires pattern-specific confirmations
ok 162 - requires pattern-specific confirmations
  ---
  duration_ms: 0.277276
  type: 'test'
  ...
# Subtest: knife and sharpening allow triggered state but require one flow confirmation
ok 163 - knife and sharpening allow triggered state but require one flow confirmation
  ---
  duration_ms: 0.423339
  type: 'test'
  ...
# Subtest: liquidity rearrangement and liquidation cascade are not direct entries in v1
ok 164 - liquidity rearrangement and liquidation cascade are not direct entries in v1
  ---
  duration_ms: 0.261457
  type: 'test'
  ...
# Subtest: rejects stops wider than 1.5 percent for a scalp
ok 165 - rejects stops wider than 1.5 percent for a scalp
  ---
  duration_ms: 0.340114
  type: 'test'
  ...
# Subtest: live candles update in place instead of copying history per packet
ok 166 - live candles update in place instead of copying history per packet
  ---
  duration_ms: 1.427801
  type: 'test'
  ...
# Subtest: KlineFeed coalesces live chart paints and throttles cache snapshots
ok 167 - KlineFeed coalesces live chart paints and throttles cache snapshots
  ---
  duration_ms: 0.384596
  type: 'test'
  ...
# Subtest: full application rendering is no longer tied to each exact second
ok 168 - full application rendering is no longer tied to each exact second
  ---
  duration_ms: 0.914555
  type: 'test'
  ...
# Subtest: clock work avoids hidden timezone scans and cached modules are refreshed
ok 169 - clock work avoids hidden timezone scans and cached modules are refreshed
  ---
  duration_ms: 0.990997
  type: 'test'
  ...
# Subtest: footprint live interval uses explicit arrival time
ok 170 - footprint live interval uses explicit arrival time
  ---
  duration_ms: 2.117957
  type: 'test'
  ...
# Subtest: Tape aligns local receipt with the main Binance clock
ok 171 - Tape aligns local receipt with the main Binance clock
  ---
  duration_ms: 2.141381
  type: 'test'
  ...
# Subtest: footprint column shows total quote above its time
ok 172 - footprint column shows total quote above its time
  ---
  duration_ms: 1.662566
  type: 'test'
  ...
# Subtest: Tape visual time uses calibrated receive time
ok 173 - Tape visual time uses calibrated receive time
  ---
  duration_ms: 1.2505
  type: 'test'
  ...
# Subtest: footprint step ignores an off-grid current-price row
ok 174 - footprint step ignores an off-grid current-price row
  ---
  duration_ms: 1.327484
  type: 'test'
  ...
# Subtest: new live interval exists before its first trade
ok 175 - new live interval exists before its first trade
  ---
  duration_ms: 2.320454
  type: 'test'
  ...
# Subtest: historical Tape X coordinates do not depend on newly appended neighbours
ok 176 - historical Tape X coordinates do not depend on newly appended neighbours
  ---
  duration_ms: 1.52907
  type: 'test'
  ...
# Subtest: zero-ms AGG keeps sealed identity while only the newest group stays open
ok 177 - zero-ms AGG keeps sealed identity while only the newest group stays open
  ---
  duration_ms: 1.016615
  type: 'test'
  ...
# Subtest: distance badge is unsigned and fixed to tenths
ok 178 - distance badge is unsigned and fixed to tenths
  ---
  duration_ms: 0.300501
  type: 'test'
  ...
# Subtest: footprint exposes the same timeframe set and exchange-aligned boundaries
ok 179 - footprint exposes the same timeframe set and exchange-aligned boundaries
  ---
  duration_ms: 1.146467
  type: 'test'
  ...
# Subtest: first cluster candle is aligned but explicitly marked session-partial
ok 180 - first cluster candle is aligned but explicitly marked session-partial
  ---
  duration_ms: 2.571933
  type: 'test'
  ...
# Subtest: runtime ships RAW, zero-ms AGG, SERIES, synchronized canvas and density age toggle
ok 181 - runtime ships RAW, zero-ms AGG, SERIES, synchronized canvas and density age toggle
  ---
  duration_ms: 0.85812
  type: 'test'
  ...
# Subtest: Tape heartbeat no longer scans the document or redraws canvases every second
ok 182 - Tape heartbeat no longer scans the document or redraws canvases every second
  ---
  duration_ms: 1.880675
  type: 'test'
  ...
# Subtest: bound Tape cards are event-discovered and disconnected cards are pruned
ok 183 - bound Tape cards are event-discovered and disconnected cards are pruned
  ---
  duration_ms: 2.086048
  type: 'test'
  ...
# Subtest: hidden density-age mode performs no ladder-row scan
ok 184 - hidden density-age mode performs no ladder-row scan
  ---
  duration_ms: 0.282818
  type: 'test'
  ...
# Subtest: book data refreshes density ages only for visible matching cards
ok 185 - book data refreshes density ages only for visible matching cards
  ---
  duration_ms: 0.31168
  type: 'test'
  ...
# Subtest: isolated Tape build ships through fresh module keys
ok 186 - isolated Tape build ships through fresh module keys
  ---
  duration_ms: 0.352958
  type: 'test'
  ...
# Subtest: minute boundary creates a zero-volume provisional candle from the last close
ok 187 - minute boundary creates a zero-volume provisional candle from the last close
  ---
  duration_ms: 3.158406
  type: 'test'
  ...
# Subtest: current footprint interval is represented honestly before its first execution
ok 188 - current footprint interval is represented honestly before its first execution
  ---
  duration_ms: 0.40249
  type: 'test'
  ...
# Subtest: runtime loads the live Canvas preview and fresh boundary build
ok 189 - runtime loads the live Canvas preview and fresh boundary build
  ---
  duration_ms: 2.256726
  type: 'test'
  ...
# Subtest: Tape and footprint share the main Binance clock
ok 190 - Tape and footprint share the main Binance clock
  ---
  duration_ms: 0.942517
  type: 'test'
  ...
# Subtest: receipt alignment never moves before execution
ok 191 - receipt alignment never moves before execution
  ---
  duration_ms: 0.151733
  type: 'test'
  ...
# Subtest: footprint aggregates exact prices by the current ladder step
ok 192 - footprint aggregates exact prices by the current ladder step
  ---
  duration_ms: 1.51857
  type: 'test'
  ...
# Subtest: Tape never exposes more than two minutes
ok 193 - Tape never exposes more than two minutes
  ---
  duration_ms: 0.287035
  type: 'test'
  ...
# Subtest: Tape ships a right-side NOW line and a precise slider
ok 194 - Tape ships a right-side NOW line and a precise slider
  ---
  duration_ms: 1.807037
  type: 'test'
  ...
# Subtest: Tape uses main-clock receipt time and preserves execution time
ok 195 - Tape uses main-clock receipt time and preserves execution time
  ---
  duration_ms: 1.736346
  type: 'test'
  ...
# Subtest: Tape mode cycles RAW to AGG to SERIES
ok 196 - Tape mode cycles RAW to AGG to SERIES
  ---
  duration_ms: 0.951424
  type: 'test'
  ...
# Subtest: same aggressor merges until opposite side or silence boundary
ok 197 - same aggressor merges until opposite side or silence boundary
  ---
  duration_ms: 1.179748
  type: 'test'
  ...
# Subtest: only the live right-most series grows and silence seals it visually
ok 198 - only the live right-most series grows and silence seals it visually
  ---
  duration_ms: 1.656798
  type: 'test'
  ...
# Subtest: psychological levels keep one anchored unit per symbol
ok 199 - psychological levels keep one anchored unit per symbol
  ---
  duration_ms: 2.241568
  type: 'test'
  ...
# Subtest: water clock moves continuously between WebSocket packets
ok 200 - water clock moves continuously between WebSocket packets
  ---
  duration_ms: 0.490174
  type: 'test'
  ...
# Subtest: all trades share one coherent affine price viewport
ok 201 - all trades share one coherent affine price viewport
  ---
  duration_ms: 0.841208
  type: 'test'
  ...
# Subtest: zero-ms AGG groups exact event time and freezes completed history
ok 202 - zero-ms AGG groups exact event time and freezes completed history
  ---
  duration_ms: 0.999212
  type: 'test'
  ...
# Subtest: marker geometry is absolute and independent of visible neighbours
ok 203 - marker geometry is absolute and independent of visible neighbours
  ---
  duration_ms: 1.004682
  type: 'test'
  ...
# Subtest: footprint and chart visual requests stay applied
ok 204 - footprint and chart visual requests stay applied
  ---
  duration_ms: 0.366663
  type: 'test'
  ...
# Subtest: Tape threshold is restored without restoring aggregation levels
ok 205 - Tape threshold is restored without restoring aggregation levels
  ---
  duration_ms: 1.98029
  type: 'test'
  ...
# Subtest: threshold filters markers while the path still uses every RAW trade
ok 206 - threshold filters markers while the path still uses every RAW trade
  ---
  duration_ms: 0.594288
  type: 'test'
  ...
# Subtest: zero threshold no longer writes a label on every aggregate
ok 207 - zero threshold no longer writes a label on every aggregate
  ---
  duration_ms: 0.409413
  type: 'test'
  ...
# Subtest: Worker keeps visual RAW on aggTrade and exposes guarded trade input for AGG
ok 208 - Worker keeps visual RAW on aggTrade and exposes guarded trade input for AGG
  ---
  duration_ms: 1.420407
  type: 'test'
  ...
# Subtest: Main renders AGG from the selected source and keeps fallback
ok 209 - Main renders AGG from the selected source and keeps fallback
  ---
  duration_ms: 0.374157
  type: 'test'
  ...
# Subtest: Tiger-style zero-ms aggregation joins individual same-time same-side executions
ok 210 - Tiger-style zero-ms aggregation joins individual same-time same-side executions
  ---
  duration_ms: 3.179257
  type: 'test'
  ...
# Subtest: Tape marker threshold remains available
ok 211 - Tape marker threshold remains available
  ---
  duration_ms: 0.279261
  type: 'test'
  ...
# Subtest: percentile and summary are deterministic
ok 212 - percentile and summary are deterministic
  ---
  duration_ms: 2.97827
  type: 'test'
  ...
# Subtest: clock offset uses the lowest RTT samples
ok 213 - clock offset uses the lowest RTT samples
  ---
  duration_ms: 0.521813
  type: 'test'
  ...
# Subtest: combined payload source is classified exactly
ok 214 - combined payload source is classified exactly
  ---
  duration_ms: 0.2844
  type: 'test'
  ...
# Subtest: normalization rejects zero values and wrong symbols
ok 215 - normalization rejects zero values and wrong symbols
  ---
  duration_ms: 0.346756
  type: 'test'
  ...
# Subtest: normalization supports valid trade and aggTrade payloads
ok 216 - normalization supports valid trade and aggTrade payloads
  ---
  duration_ms: 0.380799
  type: 'test'
  ...
# Subtest: raw trades match aggregate by receive and render times
ok 217 - raw trades match aggregate by receive and render times
  ---
  duration_ms: 0.535147
  type: 'test'
  ...
# Subtest: null render timestamps are not treated as painted
ok 218 - null render timestamps are not treated as painted
  ---
  duration_ms: 0.379427
  type: 'test'
  ...
# Subtest: run validity fails on reconnect, invalid payload or hidden tab
ok 219 - run validity fails on reconnect, invalid payload or hidden tab
  ---
  duration_ms: 0.286314
  type: 'test'
  ...
# Subtest: verdict requires valid run, quality and material visual lead
ok 220 - verdict requires valid run, quality and material visual lead
  ---
  duration_ms: 0.627099
  type: 'test'
  ...
# Subtest: v2 browser lab compares streams through their routed endpoints
ok 221 - v2 browser lab compares streams through their routed endpoints
  ---
  duration_ms: 1.497931
  type: 'test'
  ...
# Subtest: frame arrays and projection slots are reused
ok 222 - frame arrays and projection slots are reused
  ---
  duration_ms: 1.230874
  type: 'test'
  ...
# Subtest: unfiltered RAW dots are drawn in a bounded number of Canvas batches
ok 223 - unfiltered RAW dots are drawn in a bounded number of Canvas batches
  ---
  duration_ms: 0.372354
  type: 'test'
  ...
# Subtest: status overlays do not mutate DOM twice per frame
ok 224 - status overlays do not mutate DOM twice per frame
  ---
  duration_ms: 0.328101
  type: 'test'
  ...
# Subtest: batched renderer keeps near-fluid cadence under high trade rate
ok 225 - batched renderer keeps near-fluid cadence under high trade rate
  ---
  duration_ms: 0.196216
  type: 'test'
  ...
# Subtest: 60 FPS painter does not force DOM geometry on every frame
ok 226 - 60 FPS painter does not force DOM geometry on every frame
  ---
  duration_ms: 1.496939
  type: 'test'
  ...
# Subtest: render model reuses immutable nodes and skips full sorting
ok 227 - render model reuses immutable nodes and skips full sorting
  ---
  duration_ms: 0.28393
  type: 'test'
  ...
# Subtest: Tape surface theme lookup is cached outside the frame hot path
ok 228 - Tape surface theme lookup is cached outside the frame hot path
  ---
  duration_ms: 0.532112
  type: 'test'
  ...
# Subtest: replace packets reset only current water renderer state
ok 229 - replace packets reset only current water renderer state
  ---
  duration_ms: 0.319836
  type: 'test'
  ...
# Subtest: adding a neighbouring trade cannot change an existing event coordinate
ok 230 - adding a neighbouring trade cannot change an existing event coordinate
  ---
  duration_ms: 2.764022
  type: 'test'
  ...
# Subtest: viewport changes move the whole historical layer coherently
ok 231 - viewport changes move the whole historical layer coherently
  ---
  duration_ms: 2.353206
  type: 'test'
  ...
# Subtest: clock never steps backward and does not depend on packet cadence
ok 232 - clock never steps backward and does not depend on packet cadence
  ---
  duration_ms: 0.378936
  type: 'test'
  ...
# Subtest: renderer does not feed historical items through collision layout
ok 233 - renderer does not feed historical items through collision layout
  ---
  duration_ms: 1.088198
  type: 'test'
  ...
# Subtest: REST kline is normalized
ok 234 - REST kline is normalized
  ---
  duration_ms: 2.824524
  type: 'test'
  ...
# Subtest: stream kline is normalized
ok 235 - stream kline is normalized
  ---
  duration_ms: 0.446322
  type: 'test'
  ...
# Subtest: live update replaces an open candle
ok 236 - live update replaces an open candle
  ---
  duration_ms: 0.363247
  type: 'test'
  ...
# Subtest: new candles append and respect the history limit
ok 237 - new candles append and respect the history limit
  ---
  duration_ms: 0.288508
  type: 'test'
  ...
# Subtest: one-second candles aggregate into a five-second history
ok 238 - one-second candles aggregate into a five-second history
  ---
  duration_ms: 0.688994
  type: 'test'
  ...
# Subtest: screen density keeps at least one distinct pixel slot per rendered candle
ok 239 - screen density keeps at least one distinct pixel slot per rendered candle
  ---
  duration_ms: 0.23088
  type: 'test'
  ...
# Subtest: second-history fallback walks backward through aggregate-trade pages
ok 240 - second-history fallback walks backward through aggregate-trade pages
  ---
  duration_ms: 88.724756
  type: 'test'
  ...
# Subtest: price-axis drag changes vertical scale
ok 241 - price-axis drag changes vertical scale
  ---
  duration_ms: 0.577597
  type: 'test'
  ...
# Subtest: time-axis drag changes visible history
ok 242 - time-axis drag changes visible history
  ---
  duration_ms: 0.463674
  type: 'test'
  ...
# Subtest: NATR normalizes Wilder ATR as a percentage
ok 243 - NATR normalizes Wilder ATR as a percentage
  ---
  duration_ms: 0.82081
  type: 'test'
  ...
# Subtest: Pearson correlation detects aligned and inverse returns
ok 244 - Pearson correlation detects aligned and inverse returns
  ---
  duration_ms: 0.323203
  type: 'test'
  ...
# Subtest: drawing ruler reports signed price change
ok 245 - drawing ruler reports signed price change
  ---
  duration_ms: 0.165589
  type: 'test'
  ...
# Subtest: Ctrl magnet snaps to nearest candle body or wick extreme
ok 246 - Ctrl magnet snaps to nearest candle body or wick extreme
  ---
  duration_ms: 0.273109
  type: 'test'
  ...
# Subtest: Ctrl magnet resolves the candle centered under the cursor
ok 247 - Ctrl magnet resolves the candle centered under the cursor
  ---
  duration_ms: 0.194232
  type: 'test'
  ...
# Subtest: Ctrl magnet snaps the first drawing anchor before the drawing exists
ok 248 - Ctrl magnet snaps the first drawing anchor before the drawing exists
  ---
  duration_ms: 0.257039
  type: 'test'
  ...
# Subtest: live data keeps the fractional manual viewport offset
ok 249 - live data keeps the fractional manual viewport offset
  ---
  duration_ms: 0.154137
  type: 'test'
  ...
# Subtest: time scale marks trading sessions without a separate day marker
ok 250 - time scale marks trading sessions without a separate day marker
  ---
  duration_ms: 0.333261
  type: 'test'
  ...
# Subtest: progressive time scale selects round divisions
ok 251 - progressive time scale selects round divisions
  ---
  duration_ms: 0.207516
  type: 'test'
  ...
# Subtest: price scale uses round and half-round increments
ok 252 - price scale uses round and half-round increments
  ---
  duration_ms: 0.205914
  type: 'test'
  ...
# Subtest: Worker REST startup uses staggered cancellable host fallback
ok 253 - Worker REST startup uses staggered cancellable host fallback
  ---
  duration_ms: 1.661546
  type: 'test'
  ...
# Subtest: connection lifecycle identifies WebSocket, snapshot, retry and LIVE phases
ok 254 - connection lifecycle identifies WebSocket, snapshot, retry and LIVE phases
  ---
  duration_ms: 0.698121
  type: 'test'
  ...
# Subtest: cross-context timing uses epoch timestamps and source kind
ok 255 - cross-context timing uses epoch timestamps and source kind
  ---
  duration_ms: 0.278389
  type: 'test'
  ...
# Subtest: main-thread render diagnostics cover computation, ladder DOM and skipped TAPE
ok 256 - main-thread render diagnostics cover computation, ladder DOM and skipped TAPE
  ---
  duration_ms: 0.533975
  type: 'test'
  ...
# Subtest: new diagnostic runtime files are in the Service Worker release
ok 257 - new diagnostic runtime files are in the Service Worker release
  ---
  duration_ms: 0.233705
  type: 'test'
  ...
# Subtest: percentChange returns a percentage
ok 258 - percentChange returns a percentage
  ---
  duration_ms: 2.49539
  type: 'test'
  ...
# Subtest: ticker filter keeps UM USDT pairs
ok 259 - ticker filter keeps UM USDT pairs
  ---
  duration_ms: 0.340945
  type: 'test'
  ...
# Subtest: symbol validation canonicalizes user input and rejects markup
ok 260 - symbol validation canonicalizes user input and rejects markup
  ---
  duration_ms: 0.204682
  type: 'test'
  ...
# Subtest: SymbolState calculates 15 second move
ok 261 - SymbolState calculates 15 second move
  ---
  duration_ms: 1.524631
  type: 'test'
  ...
# Subtest: book ticker updates the live midpoint without waiting for mini ticker
ok 262 - book ticker updates the live midpoint without waiting for mini ticker
  ---
  duration_ms: 0.371542
  type: 'test'
  ...
# Subtest: trade flow counts fills and aggressive side
ok 263 - trade flow counts fills and aggressive side
  ---
  duration_ms: 0.356274
  type: 'test'
  ...
# Subtest: funding is exposed for radar sorting
ok 264 - funding is exposed for radar sorting
  ---
  duration_ms: 0.423209
  type: 'test'
  ...
# Subtest: historical minutes warm up NATR without waiting
ok 265 - historical minutes warm up NATR without waiting
  ---
  duration_ms: 1.213191
  type: 'test'
  ...
# Subtest: liquidation snapshots are deduplicated
ok 266 - liquidation snapshots are deduplicated
  ---
  duration_ms: 1.482994
  type: 'test'
  ...
# Subtest: liquidation cascade is not mislabeled as the classic order-book cascade
ok 267 - liquidation cascade is not mislabeled as the classic order-book cascade
  ---
  duration_ms: 0.769524
  type: 'test'
  ...
# Subtest: compression is no longer classified as a scalper pattern
ok 268 - compression is no longer classified as a scalper pattern
  ---
  duration_ms: 0.286715
  type: 'test'
  ...
# Subtest: support and resistance breakouts are separate facts
ok 269 - support and resistance breakouts are separate facts
  ---
  duration_ms: 0.39205
  type: 'test'
  ...
# Subtest: knife and sharpening require a sharp move followed by a one-percent reversal
ok 270 - knife and sharpening require a sharp move followed by a one-percent reversal
  ---
  duration_ms: 1.614599
  type: 'test'
  ...
# Subtest: SignalEvent is an immutable formula-versioned snapshot without future results
ok 271 - SignalEvent is an immutable formula-versioned snapshot without future results
  ---
  duration_ms: 16.341474
  type: 'test'
  ...
# Subtest: marketwide pattern events preserve detector evidence and formula identity
ok 272 - marketwide pattern events preserve detector evidence and formula identity
  ---
  duration_ms: 0.584559
  type: 'test'
  ...
# Subtest: SignalContext keeps current facts separate and marks unavailable inputs partial
ok 273 - SignalContext keeps current facts separate and marks unavailable inputs partial
  ---
  duration_ms: 2.158342
  type: 'test'
  ...
# Subtest: context includes observed density interactions but excludes untouched size-only candidates
ok 274 - context includes observed density interactions but excludes untouched size-only candidates
  ---
  duration_ms: 1.249949
  type: 'test'
  ...
# Subtest: SignalObservation starts pending at the exact 15s, 1m, 3m and 5m horizons
ok 275 - SignalObservation starts pending at the exact 15s, 1m, 3m and 5m horizons
  ---
  duration_ms: 1.001937
  type: 'test'
  ...
# Subtest: tracker fills the 15s observation from a continuous live price path
ok 276 - tracker fills the 15s observation from a continuous live price path
  ---
  duration_ms: 15.584904
  type: 'test'
  ...
# Subtest: an observed result is partial when the price path has a material gap
ok 277 - an observed result is partial when the price path has a material gap
  ---
  duration_ms: 1.222358
  type: 'test'
  ...
# Subtest: MFE and MAE follow the signal direction while return stays market-signed
ok 278 - MFE and MAE follow the signal direction while return stays market-signed
  ---
  duration_ms: 1.018859
  type: 'test'
  ...
# Subtest: a missed horizon after a browser pause is unavailable instead of backfilled
ok 279 - a missed horizon after a browser pause is unavailable instead of backfilled
  ---
  duration_ms: 1.294011
  type: 'test'
  ...
# Subtest: the price path stays alive until later horizons resolve
ok 280 - the price path stays alive until later horizons resolve
  ---
  duration_ms: 1.46482
  type: 'test'
  ...
# Subtest: tracker emits once for a continuous signal and rearms only after a real absence
ok 281 - tracker emits once for a continuous signal and rearms only after a real absence
  ---
  duration_ms: 2.618079
  type: 'test'
  ...
# Subtest: tracker stores one card for overlapping detectors in the same market episode
ok 282 - tracker stores one card for overlapping detectors in the same market episode
  ---
  duration_ms: 2.806911
  type: 'test'
  ...
# Subtest: tracker allows the opposite direction and a genuinely later episode
ok 283 - tracker allows the opposite direction and a genuinely later episode
  ---
  duration_ms: 1.157417
  type: 'test'
  ...
# Subtest: a long render pause does not fabricate an absence or duplicate a continuous signal
ok 284 - a long render pause does not fabricate an absence or duplicate a continuous signal
  ---
  duration_ms: 0.427847
  type: 'test'
  ...
# Subtest: a settings change creates a new formula snapshot even if the signal stays active
ok 285 - a settings change creates a new formula snapshot even if the signal stays active
  ---
  duration_ms: 0.726935
  type: 'test'
  ...
# Subtest: tracker does not create new signal facts from stale market snapshots
ok 286 - tracker does not create new signal facts from stale market snapshots
  ---
  duration_ms: 0.189433
  type: 'test'
  ...
# Subtest: browser runtime captures the contract and ships it in the atomic app shell
ok 287 - browser runtime captures the contract and ships it in the atomic app shell
  ---
  duration_ms: 20.687774
  type: 'test'
  ...
# Subtest: marketwide scanner detects a comparable strong size moving on the same side
ok 288 - marketwide scanner detects a comparable strong size moving on the same side
  ---
  duration_ms: 2.382911
  type: 'test'
  ...
# Subtest: marketwide scanner detects repeated strong best-quote support
ok 289 - marketwide scanner detects repeated strong best-quote support
  ---
  duration_ms: 2.047886
  type: 'test'
  ...
# Subtest: cascade detector requires three staircase highs and enters on the nearest breakout
ok 290 - cascade detector requires three staircase highs and enters on the nearest breakout
  ---
  duration_ms: 1.038645
  type: 'test'
  ...
# Subtest: cascade detector enters short below the newest staircase low
ok 291 - cascade detector enters short below the newest staircase low
  ---
  duration_ms: 0.385208
  type: 'test'
  ...
# Subtest: cascade detector rejects extrema zones wider than five percent
ok 292 - cascade detector rejects extrema zones wider than five percent
  ---
  duration_ms: 0.293627
  type: 'test'
  ...
# Subtest: cascade detector rejects a staircase narrower than one percent
ok 293 - cascade detector rejects a staircase narrower than one percent
  ---
  duration_ms: 0.40781
  type: 'test'
  ...
# Subtest: observability stays disabled without an explicit runtime flag
ok 294 - observability stays disabled without an explicit runtime flag
  ---
  duration_ms: 6.937609
  type: 'test'
  ...
# Subtest: observability aggregates bounded percentile samples when enabled
ok 295 - observability aggregates bounded percentile samples when enabled
  ---
  duration_ms: 2.590237
  type: 'test'
  ...
# Subtest: worker timing metadata is converted into end-to-end metrics
ok 296 - worker timing metadata is converted into end-to-end metrics
  ---
  duration_ms: 15.716791
  type: 'test'
  ...
# Subtest: worker flow diagnostics become per-symbol backpressure metrics
ok 297 - worker flow diagnostics become per-symbol backpressure metrics
  ---
  duration_ms: 3.550528
  type: 'test'
  ...
# Subtest: capture exports connection phases, render skips and five-second intervals
ok 298 - capture exports connection phases, render skips and five-second intervals
  ---
  duration_ms: 3.036098
  type: 'test'
  ...
# Subtest: recent trade history prepends in O(1) while evicting the oldest trade
ok 299 - recent trade history prepends in O(1) while evicting the oldest trade
  ---
  duration_ms: 1.645025
  type: 'test'
  ...
# Subtest: latest TAPE queue drops stale backlog and keeps chronological output
ok 300 - latest TAPE queue drops stale backlog and keeps chronological output
  ---
  duration_ms: 0.452022
  type: 'test'
  ...
# Subtest: production Worker keeps aggTrade for visual RAW and guards trade for AGG
ok 301 - production Worker keeps aggTrade for visual RAW and guards trade for AGG
  ---
  duration_ms: 0.427025
  type: 'test'
  ...
# Subtest: backpressure never coalesces or drops depth sequence events
ok 302 - backpressure never coalesces or drops depth sequence events
  ---
  duration_ms: 0.265485
  type: 'test'
  ...
# Subtest: Worker reports flow rates, processing cost, queue pressure and source freshness
ok 303 - Worker reports flow rates, processing cost, queue pressure and source freshness
  ---
  duration_ms: 0.362977
  type: 'test'
  ...
# Subtest: Worker publishes one full-book size scale without expanding UI depth
ok 304 - Worker publishes one full-book size scale without expanding UI depth
  ---
  duration_ms: 0.184454
  type: 'test'
  ...
# Subtest: multi-book depth keeps distant liquidity through compact projection
ok 305 - multi-book depth keeps distant liquidity through compact projection
  ---
  duration_ms: 0.300941
  type: 'test'
  ...
# Subtest: size alone remains an unrated candidate without claiming importance
ok 306 - size alone remains an unrated candidate without claiming importance
  ---
  duration_ms: 6.034246
  type: 'test'
  ...
# Subtest: only the correct aggressor touching the exact density price is correlated
ok 307 - only the correct aggressor touching the exact density price is correlated
  ---
  duration_ms: 1.930678
  type: 'test'
  ...
# Subtest: matching executions plus a remaining level classify a partial fill
ok 308 - matching executions plus a remaining level classify a partial fill
  ---
  duration_ms: 1.822777
  type: 'test'
  ...
# Subtest: a removed level is consumed only when matching executions cover it
ok 309 - a removed level is consumed only when matching executions cover it
  ---
  duration_ms: 1.216818
  type: 'test'
  ...
# Subtest: a trade arriving after the depth decrease still correlates inside the window
ok 310 - a trade arriving after the depth decrease still correlates inside the window
  ---
  duration_ms: 2.202054
  type: 'test'
  ...
# Subtest: a removal without matching executions settles as pulled
ok 311 - a removal without matching executions settles as pulled
  ---
  duration_ms: 0.49895
  type: 'test'
  ...
# Subtest: a nearby similar replacement is marked moved only as a low-confidence heuristic
ok 312 - a nearby similar replacement is marked moved only as a low-confidence heuristic
  ---
  duration_ms: 0.797807
  type: 'test'
  ...
# Subtest: gap reset and partial depth clear correlation evidence
ok 313 - gap reset and partial depth clear correlation evidence
  ---
  duration_ms: 0.607913
  type: 'test'
  ...
# Subtest: Worker and Legacy fallback ingest the same accepted trades into density correlation
ok 314 - Worker and Legacy fallback ingest the same accepted trades into density correlation
  ---
  duration_ms: 18.610734
  type: 'test'
  ...
# Subtest: density reference uses a robust per-side quote distribution
ok 315 - density reference uses a robust per-side quote distribution
  ---
  duration_ms: 3.091211
  type: 'test'
  ...
# Subtest: snapshot seeds observed densities without fabricating depth events
ok 316 - snapshot seeds observed densities without fabricating depth events
  ---
  duration_ms: 3.072455
  type: 'test'
  ...
# Subtest: a density transitions through strengthening, weakening and replenished
ok 317 - a density transitions through strengthening, weakening and replenished
  ---
  duration_ms: 1.564406
  type: 'test'
  ...
# Subtest: a zero quantity closes a density as removed without claiming execution
ok 318 - a zero quantity closes a density as removed without claiming execution
  ---
  duration_ms: 0.867197
  type: 'test'
  ...
# Subtest: hysteresis closes a weakened level only after the fade grace window
ok 319 - hysteresis closes a weakened level only after the fade grace window
  ---
  duration_ms: 1.866328
  type: 'test'
  ...
# Subtest: gap reset and partial fallback cannot leak lifecycle state
ok 320 - gap reset and partial fallback cannot leak lifecycle state
  ---
  duration_ms: 0.510151
  type: 'test'
  ...
# Subtest: Legacy symbol changes reset cross-symbol lifetime counters
ok 321 - Legacy symbol changes reset cross-symbol lifetime counters
  ---
  duration_ms: 0.284971
  type: 'test'
  ...
# Subtest: active and serialized density collections stay bounded
ok 322 - active and serialized density collections stay bounded
  ---
  duration_ms: 0.551718
  type: 'test'
  ...
# Subtest: Worker and Legacy fallback share the density lifecycle contract
ok 323 - Worker and Legacy fallback share the density lifecycle contract
  ---
  duration_ms: 13.395875
  type: 'test'
  ...
# Subtest: deep projection preserves exact near levels and total quote
ok 324 - deep projection preserves exact near levels and total quote
  ---
  duration_ms: 10.182036
  type: 'test'
  ...
# Subtest: deep projection stays ordered on both sides
ok 325 - deep projection stays ordered on both sides
  ---
  duration_ms: 3.619175
  type: 'test'
  ...
# Subtest: small books pass through without compaction
ok 326 - small books pass through without compaction
  ---
  duration_ms: 0.344613
  type: 'test'
  ...
# Subtest: depth changes map to the four normalized lifecycle event types
ok 327 - depth changes map to the four normalized lifecycle event types
  ---
  duration_ms: 1.345027
  type: 'test'
  ...
# Subtest: snapshot seeds the book as a baseline without fabricating appeared events
ok 328 - snapshot seeds the book as a baseline without fabricating appeared events
  ---
  duration_ms: 2.855261
  type: 'test'
  ...
# Subtest: a continuous diff emits normalized bid and ask events before updating the book
ok 329 - a continuous diff emits normalized bid and ask events before updating the book
  ---
  duration_ms: 0.876764
  type: 'test'
  ...
# Subtest: missing zero levels, unchanged quantities and invalid rows stay silent
ok 330 - missing zero levels, unchanged quantities and invalid rows stay silent
  ---
  duration_ms: 0.437175
  type: 'test'
  ...
# Subtest: journal marks bridge events as recovered and live events as live
ok 331 - journal marks bridge events as recovered and live events as live
  ---
  duration_ms: 0.793879
  type: 'test'
  ...
# Subtest: gap reset opens a new epoch and cannot leak old lifecycle events
ok 332 - gap reset opens a new epoch and cannot leak old lifecycle events
  ---
  duration_ms: 0.376332
  type: 'test'
  ...
# Subtest: journal history is bounded and keeps the newest normalized events
ok 333 - journal history is bounded and keeps the newest normalized events
  ---
  duration_ms: 0.464155
  type: 'test'
  ...
# Subtest: Worker and Legacy fallback share the event-first runtime contract
ok 334 - Worker and Legacy fallback share the event-first runtime contract
  ---
  duration_ms: 19.163195
  type: 'test'
  ...
# Subtest: a fast primary REST host prevents backup requests from starting
ok 335 - a fast primary REST host prevents backup requests from starting
  ---
  duration_ms: 5.927577
  type: 'test'
  ...
# Subtest: a failed primary starts a delayed backup and preserves failure diagnostics
ok 336 - a failed primary starts a delayed backup and preserves failure diagnostics
  ---
  duration_ms: 7.513193
  type: 'test'
  ...
# Subtest: the winning REST response aborts requests that are still in flight
ok 337 - the winning REST response aborts requests that are still in flight
  ---
  duration_ms: 2.174964
  type: 'test'
  ...
# Subtest: network errors are classified without claiming that CORS is proven
ok 338 - network errors are classified without claiming that CORS is proven
  ---
  duration_ms: 0.398683
  type: 'test'
  ...
# Subtest: all orderbook panels share one latest-only frame scheduler
ok 339 - all orderbook panels share one latest-only frame scheduler
  ---
  duration_ms: 1.828528
  type: 'test'
  ...
# Subtest: canvas runtime disables the hidden legacy DOM footprint
ok 340 - canvas runtime disables the hidden legacy DOM footprint
  ---
  duration_ms: 0.324335
  type: 'test'
  ...
# Subtest: Tape draw work yields across animation frames without dropping dirty cards
ok 341 - Tape draw work yields across animation frames without dropping dirty cards
  ---
  duration_ms: 0.454597
  type: 'test'
  ...
# Subtest: Tape ingestion shares each frame between symbols and both trade channels
ok 342 - Tape ingestion shares each frame between symbols and both trade channels
  ---
  duration_ms: 0.753404
  type: 'test'
  ...
# Subtest: footprint renders only dirty cards under the same frame budget
ok 343 - footprint renders only dirty cards under the same frame budget
  ---
  duration_ms: 0.414843
  type: 'test'
  ...
# Subtest: render optimization leaves strict depth sequencing untouched
ok 344 - render optimization leaves strict depth sequencing untouched
  ---
  duration_ms: 0.310779
  type: 'test'
  ...
# Subtest: depth updates add, replace and remove price levels
ok 345 - depth updates add, replace and remove price levels
  ---
  duration_ms: 2.52216
  type: 'test'
  ...
# Subtest: order book view keeps best bids and asks first
ok 346 - order book view keeps best bids and asks first
  ---
  duration_ms: 0.550235
  type: 'test'
  ...
# Subtest: partial depth stream becomes a ready top-20 book without REST snapshot
ok 347 - partial depth stream becomes a ready top-20 book without REST snapshot
  ---
  duration_ms: 0.290411
  type: 'test'
  ...
# Subtest: depth range is aggregated into stable price bands
ok 348 - depth range is aggregated into stable price bands
  ---
  duration_ms: 0.46153
  type: 'test'
  ...
# Subtest: aggregate trade identifies the aggressive market side
ok 349 - aggregate trade identifies the aggressive market side
  ---
  duration_ms: 1.11643
  type: 'test'
  ...
# Subtest: price ladder keeps the market row visible and fills both sides
ok 350 - price ladder keeps the market row visible and fills both sides
  ---
  duration_ms: 1.265279
  type: 'test'
  ...
# Subtest: orderbook wheel uses the trader-facing step direction
ok 351 - orderbook wheel uses the trader-facing step direction
  ---
  duration_ms: 0.186979
  type: 'test'
  ...
# Subtest: reducing the step converges a free viewport toward market and snaps at x1
ok 352 - reducing the step converges a free viewport toward market and snaps at x1
  ---
  duration_ms: 0.240468
  type: 'test'
  ...
# Subtest: price ladder cannot be scrolled below zero
ok 353 - price ladder cannot be scrolled below zero
  ---
  duration_ms: 0.470287
  type: 'test'
  ...
# Subtest: size bars use the complete projected book instead of the visible ladder
ok 354 - size bars use the complete projected book instead of the visible ladder
  ---
  duration_ms: 0.855595
  type: 'test'
  ...
# Subtest: automatic anomaly reference uses the complete book rather than the visible ladder
ok 355 - automatic anomaly reference uses the complete book rather than the visible ladder
  ---
  duration_ms: 2.456929
  type: 'test'
  ...
# Subtest: highlight modes preserve displayed size while AUTO inspects the largest real order
ok 356 - highlight modes preserve displayed size while AUTO inspects the largest real order
  ---
  duration_ms: 0.415103
  type: 'test'
  ...
# Subtest: AUTO keeps one threshold per coin for the whole session
ok 357 - AUTO keeps one threshold per coin for the whole session
  ---
  duration_ms: 0.21991
  type: 'test'
  ...
# Subtest: hover distance uses color for direction and absolute compact text
ok 358 - hover distance uses color for direction and absolute compact text
  ---
  duration_ms: 0.225991
  type: 'test'
  ...
# Subtest: Tape maps every execution to its exact interpolated price coordinate
ok 359 - Tape maps every execution to its exact interpolated price coordinate
  ---
  duration_ms: 0.589629
  type: 'test'
  ...
# Subtest: percent depth gives BTC and alt books the same visible range
ok 360 - percent depth gives BTC and alt books the same visible range
  ---
  duration_ms: 54.140994
  type: 'test'
  ...
# Subtest: trade clusters respect the minimum quote filter
ok 361 - trade clusters respect the minimum quote filter
  ---
  duration_ms: 0.34386
  type: 'test'
  ...
# Subtest: RAW trade path preserves executions and applies the minimum filter per event
ok 362 - RAW trade path preserves executions and applies the minimum filter per event
  ---
  duration_ms: 0.390888
  type: 'test'
  ...
# Subtest: impulse adaptation preserves the user-selected price step
ok 363 - impulse adaptation preserves the user-selected price step
  ---
  duration_ms: 0.210082
  type: 'test'
  ...
# Subtest: AUTO depth fits the working area and scale recovery preserves the user value
ok 364 - AUTO depth fits the working area and scale recovery preserves the user value
  ---
  duration_ms: 0.612933
  type: 'test'
  ...
# Subtest: time window and footprint preserve exact time-price cells
ok 365 - time window and footprint preserve exact time-price cells
  ---
  duration_ms: 0.634041
  type: 'test'
  ...
# Subtest: order book separates public depth and market trade streams
ok 366 - order book separates public depth and market trade streams
  ---
  duration_ms: 5.428447
  type: 'test'
  ...
# Subtest: owner dashboard creates a safe same-origin InPuls orderbook link
ok 367 - owner dashboard creates a safe same-origin InPuls orderbook link
  ---
  duration_ms: 1.571258
  type: 'test'
  ...
# Subtest: owner navigation rejects invalid symbols and unknown actions
ok 368 - owner navigation rejects invalid symbols and unknown actions
  ---
  duration_ms: 1.208081
  type: 'test'
  ...
# Subtest: owner dashboard stays unlinked, local-only and exposes no destructive history controls
ok 369 - owner dashboard stays unlinked, local-only and exposes no destructive history controls
  ---
  duration_ms: 12.10536
  type: 'test'
  ...
# Subtest: catalog has only the agreed pattern groups plus explicit market events
ok 370 - catalog has only the agreed pattern groups plus explicit market events
  ---
  duration_ms: 1.327775
  type: 'test'
  ...
# Subtest: minute structure stores one-minute extrema for cascade research
ok 371 - minute structure stores one-minute extrema for cascade research
  ---
  duration_ms: 1.375274
  type: 'test'
  ...
# Subtest: 59th-minute evidence uses UTC exchange time
ok 372 - 59th-minute evidence uses UTC exchange time
  ---
  duration_ms: 0.368135
  type: 'test'
  ...
# Subtest: density geometry preserves layout and observed move chains without scoring intent
ok 373 - density geometry preserves layout and observed move chains without scoring intent
  ---
  duration_ms: 2.351111
  type: 'test'
  ...
# Subtest: PWA reset recognizes only the InPuls worker at its exact scope
ok 374 - PWA reset recognizes only the InPuls worker at its exact scope
  ---
  duration_ms: 1.434122
  type: 'test'
  ...
# Subtest: PWA reset leaves unrelated registrations and caches untouched
ok 375 - PWA reset leaves unrelated registrations and caches untouched
  ---
  duration_ms: 1.579273
  type: 'test'
  ...
# Subtest: latest scheduler coalesces repeated data for one panel
ok 376 - latest scheduler coalesces repeated data for one panel
  ---
  duration_ms: 2.475574
  type: 'test'
  ...
# Subtest: frame budget yields remaining panels to the next frame
ok 377 - frame budget yields remaining panels to the next frame
  ---
  duration_ms: 0.336297
  type: 'test'
  ...
# Subtest: urgent interaction moves an already queued panel to the front
ok 378 - urgent interaction moves an already queued panel to the front
  ---
  duration_ms: 0.363788
  type: 'test'
  ...
# Subtest: removed panels never render from a stale queue entry
ok 379 - removed panels never render from a stale queue entry
  ---
  duration_ms: 1.127572
  type: 'test'
  ...
# Subtest: static server rejects malformed URLs without terminating
ok 380 - static server rejects malformed URLs without terminating
  ---
  duration_ms: 28.524459
  type: 'test'
  ...
# Subtest: static server blocks private files and missing scripts
ok 381 - static server blocks private files and missing scripts
  ---
  duration_ms: 11.815199
  type: 'test'
  ...
# Subtest: static server sends browser security headers and limits methods
ok 382 - static server sends browser security headers and limits methods
  ---
  duration_ms: 6.137649
  type: 'test'
  ...
# Subtest: owner Signal Lab is served as a protected same-origin page
ok 383 - owner Signal Lab is served as a protected same-origin page
  ---
  duration_ms: 15.89989
  type: 'test'
  ...
# Subtest: owner Signal Lab explains that collection runs in the main InPuls tab
ok 384 - owner Signal Lab explains that collection runs in the main InPuls tab
  ---
  duration_ms: 9.959271
  type: 'test'
  ...
# Subtest: service worker reports whether a same-origin main collector client is open
ok 385 - service worker reports whether a same-origin main collector client is open
  ---
  duration_ms: 2.068976
  type: 'test'
  ...
# Subtest: Signal Lab opens one shared chart modal instead of chart instances inside every card
ok 386 - Signal Lab opens one shared chart modal instead of chart instances inside every card
  ---
  duration_ms: 1.101533
  type: 'test'
  ...
# Subtest: enriches current events with canonical pattern and facts
ok 387 - enriches current events with canonical pattern and facts
  ---
  duration_ms: 2.740147
  type: 'test'
  ...
# Subtest: groups repeated events into one market episode
ok 388 - groups repeated events into one market episode
  ---
  duration_ms: 0.915026
  type: 'test'
  ...
# Subtest: stored V2 review overrides event review
ok 389 - stored V2 review overrides event review
  ---
  duration_ms: 0.492238
  type: 'test'
  ...
# Subtest: team aliases resolve to canonical pattern ids
ok 390 - team aliases resolve to canonical pattern ids
  ---
  duration_ms: 1.597157
  type: 'test'
  ...
# Subtest: catalog keeps ambiguous team terminology as an explicit limitation
ok 391 - catalog keeps ambiguous team terminology as an explicit limitation
  ---
  duration_ms: 0.393022
  type: 'test'
  ...
# Subtest: candidate validation requires factual identity and direction
ok 392 - candidate validation requires factual identity and direction
  ---
  duration_ms: 0.46716
  type: 'test'
  ...
# Subtest: cascade explanation contains observable facts only
ok 393 - cascade explanation contains observable facts only
  ---
  duration_ms: 1.396061
  type: 'test'
  ...
# Subtest: liquidity explanation does not accuse spoofing
ok 394 - liquidity explanation does not accuse spoofing
  ---
  duration_ms: 25.842359
  type: 'test'
  ...
# Subtest: legacy reviews migrate without losing the manual comment
ok 395 - legacy reviews migrate without losing the manual comment
  ---
  duration_ms: 0.77274
  type: 'test'
  ...
# Subtest: valid review preserves trader markup
ok 396 - valid review preserves trader markup
  ---
  duration_ms: 0.642427
  type: 'test'
  ...
# Subtest: duplicate review requires an episode id
ok 397 - duplicate review requires an episode id
  ---
  duration_ms: 0.274762
  type: 'test'
  ...
# Subtest: same market move is grouped into one episode
ok 398 - same market move is grouped into one episode
  ---
  duration_ms: 1.270177
  type: 'test'
  ...
# Subtest: distant or late event starts a new episode
ok 399 - distant or late event starts a new episode
  ---
  duration_ms: 0.659228
  type: 'test'
  ...
# Subtest: episode state machine blocks impossible resurrection
ok 400 - episode state machine blocks impossible resurrection
  ---
  duration_ms: 0.897442
  type: 'test'
  ...
# Subtest: terminal episode rejects duplicate events
ok 401 - terminal episode rejects duplicate events
  ---
  duration_ms: 1.52928
  type: 'test'
  ...
# Subtest: training sample preserves formula version, outcome and data limitations
ok 402 - training sample preserves formula version, outcome and data limitations
  ---
  duration_ms: 0.728157
  type: 'test'
  ...
# Subtest: readiness gate never treats a few pretty examples as sufficient
ok 403 - readiness gate never treats a few pretty examples as sufficient
  ---
  duration_ms: 0.45056
  type: 'test'
  ...
# Subtest: beta eligibility needs positives, counterexamples, live coverage and one formula version
ok 404 - beta eligibility needs positives, counterexamples, live coverage and one formula version
  ---
  duration_ms: 0.308034
  type: 'test'
  ...
# Subtest: Signal Lab V3 separates Binance market and public routes
ok 405 - Signal Lab V3 separates Binance market and public routes
  ---
  duration_ms: 0.908473
  type: 'test'
  ...
# Subtest: Signal Lab V3 reports LIVE only after a real miniTicker packet
ok 406 - Signal Lab V3 reports LIVE only after a real miniTicker packet
  ---
  duration_ms: 0.20394
  type: 'test'
  ...
# Subtest: Signal Lab V3 owner page exposes truthful live diagnostics and evidence replay
ok 407 - Signal Lab V3 owner page exposes truthful live diagnostics and evidence replay
  ---
  duration_ms: 0.342619
  type: 'test'
  ...
# Subtest: Signal Lab V3 collector tracks trades and depth only after both market filters
ok 408 - Signal Lab V3 collector tracks trades and depth only after both market filters
  ---
  duration_ms: 0.302914
  type: 'test'
  ...
# Subtest: depth20 payload is normalized into compact replay snapshots
ok 409 - depth20 payload is normalized into compact replay snapshots
  ---
  duration_ms: 1.200468
  type: 'test'
  ...
# Subtest: evidence recorder attaches chart, book, outcomes and trader explanation
ok 410 - evidence recorder attaches chart, book, outcomes and trader explanation
  ---
  duration_ms: 3.109234
  type: 'test'
  ...
# Subtest: trader explanation separates hypothesis, confirmation and invalidation
ok 411 - trader explanation separates hypothesis, confirmation and invalidation
  ---
  duration_ms: 0.300169
  type: 'test'
  ...
# Subtest: replay chart aggregates price points into OHLC candles
ok 412 - replay chart aggregates price points into OHLC candles
  ---
  duration_ms: 0.827422
  type: 'test'
  ...
# Subtest: owner Signal Lab V5 exposes full chart, shared orderbook replay and explanation controls
ok 413 - owner Signal Lab V5 exposes full chart, shared orderbook replay and explanation controls
  ---
  duration_ms: 8.063628
  type: 'test'
  ...
# Subtest: evidence store keeps metadata and bounded packs in separate stores
ok 414 - evidence store keeps metadata and bounded packs in separate stores
  ---
  duration_ms: 1.298349
  type: 'test'
  ...
# Subtest: depth watchlist is stable and watchdog belongs to the current connection
ok 415 - depth watchlist is stable and watchdog belongs to the current connection
  ---
  duration_ms: 1.156656
  type: 'test'
  ...
# Subtest: owner UI bounds simultaneous replay canvases
ok 416 - owner UI bounds simultaneous replay canvases
  ---
  duration_ms: 2.004233
  type: 'test'
  ...
# Subtest: legacy episodes show an explicit no-evidence state
ok 417 - legacy episodes show an explicit no-evidence state
  ---
  duration_ms: 1.424414
  type: 'test'
  ...
# Subtest: full chart aggregates saved second history into stable OHLC candles
ok 418 - full chart aggregates saved second history into stable OHLC candles
  ---
  duration_ms: 2.211973
  type: 'test'
  ...
# Subtest: breakout annotations expose the repeated level and every stored touch
ok 419 - breakout annotations expose the repeated level and every stored touch
  ---
  duration_ms: 1.353713
  type: 'test'
  ...
# Subtest: cascade annotations label staircase extrema as highs or lows
ok 420 - cascade annotations label staircase extrema as highs or lows
  ---
  duration_ms: 0.716595
  type: 'test'
  ...
# Subtest: active extrema remain rays even when canonical zones are present
ok 421 - active extrema remain rays even when canonical zones are present
  ---
  duration_ms: 0.551759
  type: 'test'
  ...
# Subtest: memory store clear removes episodes, reviews and evidence together
ok 422 - memory store clear removes episodes, reviews and evidence together
  ---
  duration_ms: 2.056352
  type: 'test'
  ...
# Subtest: owner page exposes one shared modal chart, markup controls and destructive clear
ok 423 - owner page exposes one shared modal chart, markup controls and destructive clear
  ---
  duration_ms: 10.760954
  type: 'test'
  ...
# Subtest: shared InPuls chart engine owns passive pattern annotations
ok 424 - shared InPuls chart engine owns passive pattern annotations
  ---
  duration_ms: 1.419565
  type: 'test'
  ...
# Subtest: shared modal chart stays independent from periodic card rerenders
ok 425 - shared modal chart stays independent from periodic card rerenders
  ---
  duration_ms: 3.178493
  type: 'test'
  ...
# Subtest: eligibility is strictly above $100m quote volume and NATR5 above 1%
ok 426 - eligibility is strictly above $100m quote volume and NATR5 above 1%
  ---
  duration_ms: 1.641038
  type: 'test'
  ...
# Subtest: a generic impulse no longer creates a standalone episode
ok 427 - a generic impulse no longer creates a standalone episode
  ---
  duration_ms: 24.468139
  type: 'test'
  ...
# Subtest: repeated level creates one breakout candidate that evolves from forming to triggered
ok 428 - repeated level creates one breakout candidate that evolves from forming to triggered
  ---
  duration_ms: 1.995679
  type: 'test'
  ...
# Subtest: three ordered extrema create only a cascade candidate
ok 429 - three ordered extrema create only a cascade candidate
  ---
  duration_ms: 0.798278
  type: 'test'
  ...
# Subtest: sharpening records a level breakout as the origin of the reverse move
ok 430 - sharpening records a level breakout as the origin of the reverse move
  ---
  duration_ms: 2.823903
  type: 'test'
  ...
# Subtest: knife may follow a strong impulse even when no breakout structure is proven
ok 431 - knife may follow a strong impulse even when no breakout structure is proven
  ---
  duration_ms: 0.588016
  type: 'test'
  ...
# Subtest: detector emits only breakout, cascade, knife and sharpening types
ok 432 - detector emits only breakout, cascade, knife and sharpening types
  ---
  duration_ms: 1.132601
  type: 'test'
  ...
# Subtest: episode tracker updates one pattern episode instead of creating duplicate cards
ok 433 - episode tracker updates one pattern episode instead of creating duplicate cards
  ---
  duration_ms: 1.444452
  type: 'test'
  ...
# Subtest: candidate output contains eligibility facts but no trade command
ok 434 - candidate output contains eligibility facts but no trade command
  ---
  duration_ms: 0.950431
  type: 'test'
  ...
# Subtest: V3 store works in memory mode and preserves four-pattern manual review
ok 435 - V3 store works in memory mode and preserves four-pattern manual review
  ---
  duration_ms: 3.973425
  type: 'test'
  ...
# Subtest: owner page exposes machine-versus-human cascade calibration
ok 436 - owner page exposes machine-versus-human cascade calibration
  ---
  duration_ms: 1.143111
  type: 'test'
  ...
# Subtest: owner runtime stores, filters and exports calibration samples
ok 437 - owner runtime stores, filters and exports calibration samples
  ---
  duration_ms: 0.409272
  type: 'test'
  ...
# Subtest: memory store persists nested calibration and exposes it in CSV rows
ok 438 - memory store persists nested calibration and exposes it in CSV rows
  ---
  duration_ms: 4.167447
  type: 'test'
  ...
# Subtest: normalizes calibration class, checks, corrections and reason codes
ok 439 - normalizes calibration class, checks, corrections and reason codes
  ---
  duration_ms: 2.115723
  type: 'test'
  ...
# Subtest: resolves final machine event from latest evidence history
ok 440 - resolves final machine event from latest evidence history
  ---
  duration_ms: 1.366176
  type: 'test'
  ...
# Subtest: canonical fully checked live episode is eligible for geometry and outcomes
ok 441 - canonical fully checked live episode is eligible for geometry and outcomes
  ---
  duration_ms: 0.802326
  type: 'test'
  ...
# Subtest: unknown required check blocks geometry calibration
ok 442 - unknown required check blocks geometry calibration
  ---
  duration_ms: 0.487609
  type: 'test'
  ...
# Subtest: GAP and look-ahead flags are explicit blockers
ok 443 - GAP and look-ahead flags are explicit blockers
  ---
  duration_ms: 0.389296
  type: 'test'
  ...
# Subtest: false sample remains useful when explicitly reviewed and data is sufficient
ok 444 - false sample remains useful when explicitly reviewed and data is sufficient
  ---
  duration_ms: 0.495294
  type: 'test'
  ...
# Subtest: ambiguous and unavailable classes cannot enter threshold calibration
ok 445 - ambiguous and unavailable classes cannot enter threshold calibration
  ---
  duration_ms: 0.558782
  type: 'test'
  ...
# Subtest: summary reports observations and eligibility without calling it win rate
ok 446 - summary reports observations and eligibility without calling it win rate
  ---
  duration_ms: 0.984235
  type: 'test'
  ...
# Subtest: CSV row contains machine and human labels separately
ok 447 - CSV row contains machine and human labels separately
  ---
  duration_ms: 1.090582
  type: 'test'
  ...
# Subtest: collector wires level lifecycle into cascade registry and metrics
ok 448 - collector wires level lifecycle into cascade registry and metrics
  ---
  duration_ms: 0.968064
  type: 'test'
  ...
# Subtest: evidence and chart preserve cascade lifecycle
ok 449 - evidence and chart preserve cascade lifecycle
  ---
  duration_ms: 0.308455
  type: 'test'
  ...
# Subtest: owner status exposes setup, triggered and confirmed cascade counts
ok 450 - owner status exposes setup, triggered and confirmed cascade counts
  ---
  duration_ms: 0.229107
  type: 'test'
  ...
# Subtest: V4 setup becomes a reviewable candidate before first break
ok 451 - V4 setup becomes a reviewable candidate before first break
  ---
  duration_ms: 1.280005
  type: 'test'
  ...
# Subtest: setup exists before any level is broken
ok 452 - setup exists before any level is broken
  ---
  duration_ms: 6.339104
  type: 'test'
  ...
# Subtest: zero and exactly five percent gaps are valid
ok 453 - zero and exactly five percent gaps are valid
  ---
  duration_ms: 0.727946
  type: 'test'
  ...
# Subtest: gap above five percent breaks the chain
ok 454 - gap above five percent breaks the chain
  ---
  duration_ms: 0.411026
  type: 'test'
  ...
# Subtest: first level creates TRIGGERED and second creates CONFIRMED
ok 455 - first level creates TRIGGERED and second creates CONFIRMED
  ---
  duration_ms: 2.152141
  type: 'test'
  ...
# Subtest: third and later levels create EXTENDED
ok 456 - third and later levels create EXTENDED
  ---
  duration_ms: 1.088148
  type: 'test'
  ...
# Subtest: bad data records geometric confirmation but blocks full confirmation
ok 457 - bad data records geometric confirmation but blocks full confirmation
  ---
  duration_ms: 1.815713
  type: 'test'
  ...
# Subtest: only first level before duration expiry is PARTIAL
ok 458 - only first level before duration expiry is PARTIAL
  ---
  duration_ms: 0.677993
  type: 'test'
  ...
# Subtest: deep pullback before next level interrupts cascade
ok 459 - deep pullback before next level interrupts cascade
  ---
  duration_ms: 0.70302
  type: 'test'
  ...
# Subtest: full return behind first zone interrupts cascade
ok 460 - full return behind first zone interrupts cascade
  ---
  duration_ms: 0.98142
  type: 'test'
  ...
# Subtest: short cascade is symmetric
ok 461 - short cascade is symmetric
  ---
  duration_ms: 1.218942
  type: 'test'
  ...
# Subtest: repeated sync updates one setup instead of duplicating it
ok 462 - repeated sync updates one setup instead of duplicating it
  ---
  duration_ms: 0.787147
  type: 'test'
  ...
# Subtest: retest of first level before second is preserved as a variant
ok 463 - retest of first level before second is preserved as a variant
  ---
  duration_ms: 0.538263
  type: 'test'
  ...
# Subtest: outcomes retain MFE, MAE and horizon observation without look-ahead
ok 464 - outcomes retain MFE, MAE and horizon observation without look-ahead
  ---
  duration_ms: 0.610708
  type: 'test'
  ...
# Subtest: high is confirmed only after a later observable reversal
ok 465 - high is confirmed only after a later observable reversal
  ---
  duration_ms: 5.514256
  type: 'test'
  ...
# Subtest: low is confirmed symmetrically
ok 466 - low is confirmed symmetrically
  ---
  duration_ms: 0.793188
  type: 'test'
  ...
# Subtest: candidate moves to a new high before confirmation but confirmed extreme never repaints
ok 467 - candidate moves to a new high before confirmation but confirmed extreme never repaints
  ---
  duration_ms: 1.13749
  type: 'test'
  ...
# Subtest: equal touch does not break a high and adjacent candles from one attack count once
ok 468 - equal touch does not break a high and adjacent candles from one attack count once
  ---
  duration_ms: 1.319689
  type: 'test'
  ...
# Subtest: one valid tick above a high removes it from the active map but preserves history
ok 469 - one valid tick above a high removes it from the active map but preserves history
  ---
  duration_ms: 0.594127
  type: 'test'
  ...
# Subtest: tick integer representation prevents float noise from creating a false break
ok 470 - tick integer representation prevents float noise from creating a false break
  ---
  duration_ms: 0.744518
  type: 'test'
  ...
# Subtest: timeframes keep independent extrema maps
ok 471 - timeframes keep independent extrema maps
  ---
  duration_ms: 1.201679
  type: 'test'
  ...
# Subtest: historical replay produces the same event moment as sequential live ingestion
ok 472 - historical replay produces the same event moment as sequential live ingestion
  ---
  duration_ms: 1.387976
  type: 'test'
  ...
# Subtest: V4 collector uses exchange tick sizes, multi-TF extrema and full order-flow recorder
ok 473 - V4 collector uses exchange tick sizes, multi-TF extrema and full order-flow recorder
  ---
  duration_ms: 1.140605
  type: 'test'
  ...
# Subtest: evidence pack preserves two minutes of snapshot diff trades and the extrema map
ok 474 - evidence pack preserves two minutes of snapshot diff trades and the extrema map
  ---
  duration_ms: 0.260184
  type: 'test'
  ...
# Subtest: episode chart supports native 4h 1d and paginated 30 day history
ok 475 - episode chart supports native 4h 1d and paginated 30 day history
  ---
  duration_ms: 0.178002
  type: 'test'
  ...
# Subtest: owner replay exposes cluster tape scrollable local book and explicit data states
ok 476 - owner replay exposes cluster tape scrollable local book and explicit data states
  ---
  duration_ms: 0.220431
  type: 'test'
  ...
# Subtest: manual calibration stores the requested detector error labels
ok 477 - manual calibration stores the requested detector error labels
  ---
  duration_ms: 0.217134
  type: 'test'
  ...
# Subtest: close high extremes merge into one zone and preserve source points
ok 478 - close high extremes merge into one zone and preserve source points
  ---
  duration_ms: 5.566825
  type: 'test'
  ...
# Subtest: adjacent contacts count as one attack until real rearm
ok 479 - adjacent contacts count as one attack until real rearm
  ---
  duration_ms: 1.774196
  type: 'test'
  ...
# Subtest: equal touch does not trigger breakout; one tick above does
ok 480 - equal touch does not trigger breakout; one tick above does
  ---
  duration_ms: 1.176562
  type: 'test'
  ...
# Subtest: distance confirmation accepts only after configured distance
ok 481 - distance confirmation accepts only after configured distance
  ---
  duration_ms: 1.004822
  type: 'test'
  ...
# Subtest: hybrid confirmation requires distance plus time, close or flow
ok 482 - hybrid confirmation requires distance plus time, close or flow
  ---
  duration_ms: 0.798378
  type: 'test'
  ...
# Subtest: close confirmation is evaluated from a closed candle
ok 483 - close confirmation is evaluated from a closed candle
  ---
  duration_ms: 0.71882
  type: 'test'
  ...
# Subtest: puncture and quick return is swept reclaimed, not accepted breakout
ok 484 - puncture and quick return is swept reclaimed, not accepted breakout
  ---
  duration_ms: 0.615737
  type: 'test'
  ...
# Subtest: stale or gap data can record geometry but cannot confirm acceptance
ok 485 - stale or gap data can record geometry but cannot confirm acceptance
  ---
  duration_ms: 0.72978
  type: 'test'
  ...
# Subtest: accepted breakout may be classified as retest only after acceptance
ok 486 - accepted breakout may be classified as retest only after acceptance
  ---
  duration_ms: 1.977595
  type: 'test'
  ...
# Subtest: low breakout works symmetrically
ok 487 - low breakout works symmetrically
  ---
  duration_ms: 1.13238
  type: 'test'
  ...
# Subtest: same zone keeps one active event instead of duplicating every tick
ok 488 - same zone keeps one active event instead of duplicating every tick
  ---
  duration_ms: 0.496285
  type: 'test'
  ...
# Subtest: removing active extremes inactivates zone but preserves history
ok 489 - removing active extremes inactivates zone but preserves history
  ---
  duration_ms: 0.372625
  type: 'test'
  ...
# Subtest: collector feeds level zones from extrema, closed candles and aggTrade
ok 490 - collector feeds level zones from extrema, closed candles and aggTrade
  ---
  duration_ms: 1.023417
  type: 'test'
  ...
# Subtest: evidence pack preserves initial and latest level maps
ok 491 - evidence pack preserves initial and latest level maps
  ---
  duration_ms: 0.290251
  type: 'test'
  ...
# Subtest: full chart explains zones, strict crossing, acceptance and reclaim
ok 492 - full chart explains zones, strict crossing, acceptance and reclaim
  ---
  duration_ms: 0.17662
  type: 'test'
  ...
# Subtest: owner page describes calibrated levels before cascade
ok 493 - owner page describes calibrated levels before cascade
  ---
  duration_ms: 0.13899
  type: 'test'
  ...
# Subtest: live calibration protocol requires positives, false examples and both directions
ok 494 - live calibration protocol requires positives, false examples and both directions
  ---
  duration_ms: 1.397434
  type: 'test'
  ...
# Subtest: live calibration protocol verifies setup before trigger and rejects look-ahead
ok 495 - live calibration protocol verifies setup before trigger and rejects look-ahead
  ---
  duration_ms: 0.228366
  type: 'test'
  ...
# Subtest: live calibration report does not misuse win rate
ok 496 - live calibration report does not misuse win rate
  ---
  duration_ms: 0.210452
  type: 'test'
  ...
# Subtest: normalizers preserve exact event/receipt clocks and aggressor side
ok 497 - normalizers preserve exact event/receipt clocks and aggressor side
  ---
  duration_ms: 2.417605
  type: 'test'
  ...
# Subtest: recorder synchronizes REST snapshot with U/u/pu diffs and captures pre-event trades
ok 498 - recorder synchronizes REST snapshot with U/u/pu diffs and captures pre-event trades
  ---
  duration_ms: 12.40581
  type: 'test'
  ...
# Subtest: sequence gap is reported instead of silently corrupting the local book
ok 499 - sequence gap is reported instead of silently corrupting the local book
  ---
  duration_ms: 6.159138
  type: 'test'
  ...
# Subtest: replay seeks from the nearest checkpoint and applies only subsequent diffs
ok 500 - replay seeks from the nearest checkpoint and applies only subsequent diffs
  ---
  duration_ms: 0.603155
  type: 'test'
  ...
# Subtest: extreme warmup and trades avoid repeated full snapshots
ok 501 - extreme warmup and trades avoid repeated full snapshots
  ---
  duration_ms: 1.031155
  type: 'test'
  ...
# Subtest: collector throttles status, checks and structure trade processing
ok 502 - collector throttles status, checks and structure trade processing
  ---
  duration_ms: 0.198881
  type: 'test'
  ...
# Subtest: owner UI renders a bounded card window and defers heavy replay work
ok 503 - owner UI renders a bounded card window and defers heavy replay work
  ---
  duration_ms: 0.293837
  type: 'test'
  ...
# Subtest: Stage 4 sample policy requires balanced positive, negative and directional coverage
ok 504 - Stage 4 sample policy requires balanced positive, negative and directional coverage
  ---
  duration_ms: 0.873157
  type: 'test'
  ...
# Subtest: Stage 4 sample policy excludes unreliable evidence from threshold fitting
ok 505 - Stage 4 sample policy excludes unreliable evidence from threshold fitting
  ---
  duration_ms: 0.888566
  type: 'test'
  ...
# Subtest: knife and sharpening reject exactly 1.00 percent impulse
ok 506 - knife and sharpening reject exactly 1.00 percent impulse
  ---
  duration_ms: 25.082875
  type: 'test'
  ...
# Subtest: knife and sharpening accept impulse strictly above 1 percent
ok 507 - knife and sharpening accept impulse strictly above 1 percent
  ---
  duration_ms: 1.445373
  type: 'test'
  ...
# Subtest: 30 day bounds end at the event candle and request the whole prior month
ok 508 - 30 day bounds end at the event candle and request the whole prior month
  ---
  duration_ms: 0.390929
  type: 'test'
  ...
# Subtest: candle coverage reports complete only when both ends are present
ok 509 - candle coverage reports complete only when both ends are present
  ---
  duration_ms: 0.494612
  type: 'test'
  ...
# Subtest: RAW shadow trade is stored separately from AGG
ok 510 - RAW shadow trade is stored separately from AGG
  ---
  duration_ms: 0.475235
  type: 'test'
  ...
# Subtest: order flow merge preserves the original prebuffer and appends post-event packets
ok 511 - order flow merge preserves the original prebuffer and appends post-event packets
  ---
  duration_ms: 0.756429
  type: 'test'
  ...
# Subtest: owner page mounts one shared main-site orderbook lazily
ok 512 - owner page mounts one shared main-site orderbook lazily
  ---
  duration_ms: 1.015753
  type: 'test'
  ...
# Subtest: Signal Lab overrides the fixed main-workspace scroll lock
ok 513 - Signal Lab overrides the fixed main-workspace scroll lock
  ---
  duration_ms: 1.481621
  type: 'test'
  ...
# Subtest: internal replay workspace remains clipped independently from page scroll
ok 514 - internal replay workspace remains clipped independently from page scroll
  ---
  duration_ms: 0.285742
  type: 'test'
  ...
# Subtest: one physical multi-timeframe swing creates one canonical zone and one touch
ok 515 - one physical multi-timeframe swing creates one canonical zone and one touch
  ---
  duration_ms: 11.232042
  type: 'test'
  ...
# Subtest: only a real return after rearm increments canonical touch count
ok 516 - only a real return after rearm increments canonical touch count
  ---
  duration_ms: 1.313979
  type: 'test'
  ...
# Subtest: normal chart hides raw timeframe duplicates when canonical zones exist
ok 517 - normal chart hides raw timeframe duplicates when canonical zones exist
  ---
  duration_ms: 1.933133
  type: 'test'
  ...
# Subtest: chart limits canonical levels and cascade overlays instead of drawing the whole map
not ok 518 - chart limits canonical levels and cascade overlays instead of drawing the whole map
  ---
  duration_ms: 4.209866
  type: 'test'
  location: '/home/runner/work/InPuls/InPuls/test/signal-lab-v6-canonical-structure.test.js:76:1'
  failureType: 'testCodeFailure'
  error: |-
    The input did not match the regular expression /canonicalLevelMap\?\.activeZones\?\.length/. Input:
    
    'import { CandlestickChart } from "./chart.js?v=signal-lab-v9-extreme-rays";\n' +
      '\n' +
      'const KLINES_ENDPOINT = "https://fapi.binance.com/fapi/v1/klines";\n' +
      '\n' +
      'export const EPISODE_CHART_INTERVALS = Object.freeze({\n' +
      '  "1s": 1_000,\n' +
      '  "5s": 5_000,\n' +
      '  "15s": 15_000,\n' +
      '  "1m": 60_000,\n' +
      '  "3m": 180_000,\n' +
      '  "5m": 300_000,\n' +
      '  "15m": 900_000,\n' +
      '  "1h": 3_600_000,\n' +
      '  "4h": 14_400_000,\n' +
      '  "1d": 86_400_000,\n' +
      '});\n' +
      '\n' +
      'export const EPISODE_CONTEXT_RANGES = Object.freeze({\n' +
      '  "15m": 15 * 60_000,\n' +
      '  "1h": 60 * 60_000,\n' +
      '  "4h": 4 * 60 * 60_000,\n' +
      '  "24h": 24 * 60 * 60_000,\n' +
      '  "7d": 7 * 24 * 60 * 60_000,\n' +
      '  "30d": 30 * 24 * 60 * 60_000,\n' +
      '});\n' +
      '\n' +
      'const controllers = new Map();\n' +
      'const candleCache = new Map();\n' +
      'let activeEpisodeId = null;\n' +
      'let automaticFirstOpenUsed = false;\n' +
      '\n' +
      'const finite = (value) => {\n' +
      '  const number = Number(value);\n' +
      '  return Number.isFinite(number) ? number : null;\n' +
      '};\n' +
      '\n' +
      'const clamp = (value, minimum, maximum) => Math.min(maximum, Math.max(minimum, value));\n' +
      '\n' +
      'function validSymbol(value) {\n' +
      '  const symbol = String(value ?? "").trim().toUpperCase();\n' +
      '  return /^[A-Z0-9]{1,20}USDT$/.test(symbol) ? symbol : null;\n' +
      '}\n' +
      '\n' +
      'function clone(value) {\n' +
      '  if (typeof structuredClone === "function") return structuredClone(value);\n' +
      '  return JSON.parse(JSON.stringify(value));\n' +
      '}\n' +
      '\n' +
      'function parseKline(row) {\n' +
      '  if (!Array.isArray(row) || row.length < 7) return null;\n' +
      '  const candle = {\n' +
      '    time: finite(row[0]),\n' +
      '    open: finite(row[1]),\n' +
      '    high: finite(row[2]),\n' +
      '    low: finite(row[3]),\n' +
      '    close: finite(row[4]),\n' +
      '    volume: finite(row[5]) ?? 0,\n' +
      '    closeTime: finite(row[6]),\n' +
      '    closed: true,\n' +
      '  };\n' +
      '  return [candle.time, candle.open, candle.high, candle.low, candle.close]\n' +
      '    .every((value) => value !== null && value > 0)\n' +
      '    ? candle\n' +
      '    : null;\n' +
      '}\n' +
      '\n' +
      'export function aggregateEpisodePricePoints(points, intervalMs) {\n' +
      '  const buckets = new Map();\n' +
      '  for (const point of Array.isArray(points) ? points : []) {\n' +
      '    const at = finite(point?.at ?? point?.time);\n' +
      '    const price = finite(point?.price ?? point?.close);\n' +
      '    if (at === null || price === null || price <= 0) continue;\n' +
      '    const time = Math.floor(at / intervalMs) * intervalMs;\n' +
      '    const current = buckets.get(time);\n' +
      '    if (!current) {\n' +
      '      buckets.set(time, {\n' +
      '        time,\n' +
      '        open: price,\n' +
      '        high: price,\n' +
      '        low: price,\n' +
      '        close: price,\n' +
      '        volume: 0,\n' +
      '        closeTime: time + intervalMs - 1,\n' +
      '        closed: true,\n' +
      '      });\n' +
      '    } else {\n' +
      '      current.high = Math.max(current.high, price);\n' +
      '      current.low = Math.min(current.low, price);\n' +
      '      current.close = price;\n' +
      '    }\n' +
      '  }\n' +
      '  return [...buckets.values()].sort((left, right) => left.time - right.time);\n' +
      '}\n' +
      '\n' +
      'function aggregateMinuteCandles(rows, intervalMs) {\n' +
      '  const buckets = new Map();\n' +
      '  for (const row of Array.isArray(rows) ? rows : []) {\n' +
      '    const source = {\n' +
      '      time: finite(row?.time),\n' +
      '      open: finite(row?.open),\n' +
      '      high: finite(row?.high),\n' +
      '      low: finite(row?.low),\n' +
      '      close: finite(row?.close),\n' +
      '      volume: finite(row?.volume) ?? 0,\n' +
      '    };\n' +
      '    if (![source.time, source.open, source.high, source.low, source.close]\n' +
      '      .every((value) => value !== null && value > 0)) continue;\n' +
      '    const time = Math.floor(source.time / intervalMs) * intervalMs;\n' +
      '    const current = buckets.get(time);\n' +
      '    if (!current) {\n' +
      '      buckets.set(time, {\n' +
      '        ...source,\n' +
      '        time,\n' +
      '        closeTime: time + intervalMs - 1,\n' +
      '        closed: true,\n' +
      '      });\n' +
      '    } else {\n' +
      '      current.high = Math.max(current.high, source.high);\n' +
      '      current.low = Math.min(current.low, source.low);\n' +
      '      current.close = source.close;\n' +
      '      current.volume += source.volume;\n' +
      '    }\n' +
      '  }\n' +
      '  return [...buckets.values()].sort((left, right) => left.time - right.time);\n' +
      '}\n' +
      '\n' +
      'function nearestOriginAt(pack, extremeAt, originPrice) {\n' +
      '  const rows = (Array.isArray(pack?.pricePoints) ? pack.pricePoints : [])\n' +
      '    .filter((point) => finite(point?.at) !== null && finite(point?.price) !== null)\n' +
      '    .filter((point) => Number(point.at) <= extremeAt);\n' +
      '  if (!rows.length || !(originPrice > 0)) return finite(pack?.window?.startAt) ?? extremeAt;\n' +
      '  return rows.reduce((best, row) => (\n' +
      '    Math.abs(Number(row.price) - originPrice) < Math.abs(Number(best.price) - originPrice)\n' +
      '      ? row\n' +
      '      : best\n' +
      '  ), rows[0]).at;\n' +
      '}\n' +
      '\n' +
      'function addLevelAnnotations(target, levelEvidence, eventAt, prefix = "Уровень") {\n' +
      '  const level = finite(levelEvidence?.level);\n' +
      '  if (level === null || level <= 0) return;\n' +
      '  const touches = (Array.isArray(levelEvidence?.touchTimes) ? levelEvidence.touchTimes : [])\n' +
      '    .map(finite)\n' +
      '    .filter((value) => value !== null)\n' +
      '    .sort((left, right) => left - right);\n' +
      '  const tolerancePercent = Math.max(0.02, finite(levelEvidence?.tolerancePercent) ?? 0.1);\n' +
      '  const lower = level * (1 - tolerancePercent / 100);\n' +
      '  const upper = level * (1 + tolerancePercent / 100);\n' +
      '  const startAt = touches[0] ?? eventAt - 20 * 60_000;\n' +
      '  target.push({\n' +
      '    type: "zone",\n' +
      '    startAt,\n' +
      '    endAt: eventAt + 60_000,\n' +
      '    low: lower,\n' +
      '    high: upper,\n' +
      '    label: `${prefix} · ${levelEvidence?.touchCount ?? touches.length} касания`,\n' +
      '    tone: "blue",\n' +
      '  });\n' +
      '  touches.slice(-8).forEach((time, index) => target.push({\n' +
      '    type: "point",\n' +
      '    time,\n' +
      '    price: level,\n' +
      '    label: `T${Math.max(1, (levelEvidence?.touchCount ?? touches.length) - touches.slice(-8).length + index + 1)}`,\n' +
      '    tone: "blue",\n' +
      '  }));\n' +
      '}\n' +
      '\n' +
      'function addCascadeAnnotations(target, cascade, eventAt, prefix = "") {\n' +
      '  const extrema = (Array.isArray(cascade?.extrema) ? cascade.extrema : [])\n' +
      '    .map((row) => ({ time: finite(row?.at ?? row?.time), price: finite(row?.price) }))\n' +
      '    .filter((row) => row.time !== null && row.price !== null && row.price > 0);\n' +
      '  if (!extrema.length) return;\n' +
      '  const highSide = cascade?.side === "high";\n' +
      '  const marker = highSide ? "H" : "L";\n' +
      '  const low = finite(cascade?.zoneLower) ?? Math.min(...extrema.map((row) => row.price));\n' +
      '  const high = finite(cascade?.zoneUpper) ?? Math.max(...extrema.map((row) => row.price));\n' +
      '  target.push({\n' +
      '    type: "zone",\n' +
      '    startAt: extrema[0].time,\n' +
      '    endAt: eventAt + 60_000,\n' +
      '    low,\n' +
      '    high,\n' +
      '    label: `${prefix}${prefix ? " · " : ""}зона каскада ${extrema.length} экстремума`,\n' +
      '    tone: "warning",\n' +
      '  });\n' +
      '  extrema.forEach((row, index) => {\n' +
      '    target.push({\n' +
      '      type: "ray",\n' +
      '      startAt: row.time,\n' +
      '      price: row.price,\n' +
      '      label: `${marker}${index + 1}`,\n' +
      '      tone: highSide ? "danger" : "success",\n' +
      '      state: "ACTIVE",\n' +
      '    });\n' +
      '    if (index > 0) {\n' +
      '      target.push({\n' +
      '        type: "segment",\n' +
      '        a: extrema[index - 1],\n' +
      '        b: row,\n' +
      '        label: index === extrema.length - 1 ? "ступени каскада" : "",\n' +
      '        tone: "warning",\n' +
      '      });\n' +
      '    }\n' +
      '  });\n' +
      '  const nearest = finite(cascade?.nearestStepPrice);\n' +
      '  if (nearest !== null) {\n' +
      '    target.push({\n' +
      '      type: "line",\n' +
      '      price: nearest,\n' +
      '      startAt: extrema[0].time,\n' +
      '      endAt: eventAt + 60_000,\n' +
      '      label: "ближайшая ступень",\n' +
      '      tone: "warning",\n' +
      '    });\n' +
      '  }\n' +
      '}\n' +
      '\n' +
      'function addExtremeMapAnnotations(target, extremeMap, eventAt, eventPrice) {\n' +
      '  const rows = [];\n' +
      '  for (const [timeframe, map] of Object.entries(extremeMap?.timeframes ?? {})) {\n' +
      '    for (const extreme of map?.active ?? []) {\n' +
      '      const price = finite(extreme?.price);\n' +
      '      const extremeTime = finite(extreme?.extremeTime ?? extreme?.time ?? extreme?.at);\n' +
      '      if (!(price > 0) || extremeTime === null) continue;\n' +
      '      const distance = eventPrice > 0 ? Math.abs(price - eventPrice) / eventPrice * 100 : 0;\n' +
      '      if (distance > 8) continue;\n' +
      '      rows.push({ ...extreme, timeframe, price, extremeTime, distance });\n' +
      '    }\n' +
      '  }\n' +
      '  rows.sort((left, right) => left.distance - right.distance || right.confirmedAt - left.confirmedAt);\n' +
      '\n' +
      '  // The same physical swing can be present on several timeframes. Keep one ray at\n' +
      '  // the actual extremum point and combine its TF labels instead of painting duplicate\n' +
      '  // lines on top of each other.\n' +
      '  const groups = [];\n' +
      '  for (const row of rows.slice(0, 64)) {\n' +
      '    const side = row.side === "HIGH" ? "HIGH" : "LOW";\n' +
      '    const match = groups.find((group) => {\n' +
      '      if (group.side !== side) return false;\n' +
      '      const priceDistance = Math.abs(group.price - row.price) / Math.max(group.price, row.price) * 100;\n' +
      '      const timeDistance = Math.abs(group.extremeTime - row.extremeTime);\n' +
      '      return priceDistance <= 0.015 && timeDistance <= 2 * 60_000;\n' +
      '    });\n' +
      '    if (match) {\n' +
      '      match.timeframes.add(row.timeframe);\n' +
      '      match.touchCount = Math.max(match.touchCount, Number(row.touchCount) || 1);\n' +
      '      match.confirmedAt = Math.min(match.confirmedAt, finite(row.confirmedAt) ?? match.confirmedAt);\n' +
      '      if (side === "HIGH" && row.price > match.price) {\n' +
      '        match.price = row.price;\n' +
      '        match.extremeTime = row.extremeTime;\n' +
      '      }\n' +
      '      if (side === "LOW" && row.price < match.price) {\n' +
      '        match.price = row.price;\n' +
      '        match.extremeTime = row.extremeTime;\n' +
      '      }\n' +
      '      continue;\n' +
      '    }\n' +
      '    groups.push({\n' +
      '      side,\n' +
      '      price: row.price,\n' +
      '      extremeTime: row.extremeTime,\n' +
      '      confirmedAt: finite(row.confirmedAt) ?? eventAt,\n' +
      '      touchCount: Math.max(1, Number(row.touchCount) || 1),\n' +
      '      timeframes: new Set([row.timeframe]),\n' +
      '      distance: row.distance,\n' +
      '    });\n' +
      '  }\n' +
      '\n' +
      '  for (const extreme of groups.slice(0, 32)) {\n' +
      '    const high = extreme.side === "HIGH";\n' +
      '    const timeframes = [...extreme.timeframes]\n' +
      '      .sort((left, right) => (EPISODE_CHART_INTERVALS[left] ?? Infinity) - (EPISODE_CHART_INTERVALS[right] ?? Infinity));\n' +
      '    const label = `${high ? "H" : "L"} ${timeframes.join("/")} ×${extreme.touchCount}`;\n' +
      '    target.push({\n' +
      '      type: "ray",\n' +
      '      startAt: extreme.extremeTime,\n' +
      '      price: extreme.price,\n' +
      '      label,\n' +
      '      tone: high ? "danger" : "success",\n' +
      '      state: "ACTIVE",\n' +
      '      side: extreme.side,\n' +
      '      timeframes,\n' +
      '    });\n' +
      '  }\n' +
      '}\n' +
      '\n' +
      'function addLevelMapAnnotations(target, levelMap, eventAt, eventPrice) {\n' +
      '  const zones = (Array.isArray(levelMap?.activeZones) ? levelMap.activeZones : [])\n' +
      '    .map((zone) => {\n' +
      '      const lower = finite(zone?.lowerPrice);\n' +
      '      const upper = finite(zone?.upperPrice);\n' +
      '      const boundary = zone?.side === "HIGH" ? upper : lower;\n' +
      '      const dist'... 23036 more characters
    
  code: 'ERR_ASSERTION'
  name: 'AssertionError'
  expected:
  actual: |-
    import { CandlestickChart } from "./chart.js?v=signal-lab-v9-extreme-rays";
    
    const KLINES_ENDPOINT = "https://fapi.binance.com/fapi/v1/klines";
    
    export const EPISODE_CHART_INTERVALS = Object.freeze({
      "1s": 1_000,
      "5s": 5_000,
      "15s": 15_000,
      "1m": 60_000,
      "3m": 180_000,
      "5m": 300_000,
      "15m": 900_000,
      "1h": 3_600_000,
      "4h": 14_400_000,
      "1d": 86_400_000,
    });
    
    export const EPISODE_CONTEXT_RANGES = Object.freeze({
      "15m": 15 * 60_000,
      "1h": 60 * 60_000,
      "4h": 4 * 60 * 60_000,
      "24h": 24 * 60 * 60_000,
      "7d": 7 * 24 * 60 * 60_000,
      "30d": 30 * 24 * 60 * 60_000,
    });
    
    const controllers = new Map();
    const candleCache = new Map();
    let activeEpisodeId = null;
    let automaticFirstOpenUsed = false;
    
    const finite = (value) => {
      const number = Number(value);
      return Number.isFinite(number) ? number : null;
    };
    
    const clamp = (value, minimum, maximum) => Math.min(maximum, Math.max(minimum, value));
    
    function validSymbol(value) {
      const symbol = String(value ?? "").trim().toUpperCase();
      return /^[A-Z0-9]{1,20}USDT$/.test(symbol) ? symbol : null;
    }
    
    function clone(value) {
      if (typeof structuredClone === "function") return structuredClone(value);
      return JSON.parse(JSON.stringify(value));
    }
    
    function parseKline(row) {
      if (!Array.isArray(row) || row.length < 7) return null;
      const candle = {
        time: finite(row[0]),
        open: finite(row[1]),
        high: finite(row[2]),
        low: finite(row[3]),
        close: finite(row[4]),
        volume: finite(row[5]) ?? 0,
        closeTime: finite(row[6]),
        closed: true,
      };
      return [candle.time, candle.open, candle.high, candle.low, candle.close]
        .every((value) => value !== null && value > 0)
        ? candle
        : null;
    }
    
    export function aggregateEpisodePricePoints(points, intervalMs) {
      const buckets = new Map();
      for (const point of Array.isArray(points) ? points : []) {
        const at = finite(point?.at ?? point?.time);
        const price = finite(point?.price ?? point?.close);
        if (at === null || price === null || price <= 0) continue;
        const time = Math.floor(at / intervalMs) * intervalMs;
        const current = buckets.get(time);
        if (!current) {
          buckets.set(time, {
            time,
            open: price,
            high: price,
            low: price,
            close: price,
            volume: 0,
            closeTime: time + intervalMs - 1,
            closed: true,
          });
        } else {
          current.high = Math.max(current.high, price);
          current.low = Math.min(current.low, price);
          current.close = price;
        }
      }
      return [...buckets.values()].sort((left, right) => left.time - right.time);
    }
    
    function aggregateMinuteCandles(rows, intervalMs) {
      const buckets = new Map();
      for (const row of Array.isArray(rows) ? rows : []) {
        const source = {
          time: finite(row?.time),
          open: finite(row?.open),
          high: finite(row?.high),
          low: finite(row?.low),
          close: finite(row?.close),
          volume: finite(row?.volume) ?? 0,
        };
        if (![source.time, source.open, source.high, source.low, source.close]
          .every((value) => value !== null && value > 0)) continue;
        const time = Math.floor(source.time / intervalMs) * intervalMs;
        const current = buckets.get(time);
        if (!current) {
          buckets.set(time, {
            ...source,
            time,
            closeTime: time + intervalMs - 1,
            closed: true,
          });
        } else {
          current.high = Math.max(current.high, source.high);
          current.low = Math.min(current.low, source.low);
          current.close = source.close;
          current.volume += source.volume;
        }
      }
      return [...buckets.values()].sort((left, right) => left.time - right.time);
    }
    
    function nearestOriginAt(pack, extremeAt, originPrice) {
      const rows = (Array.isArray(pack?.pricePoints) ? pack.pricePoints : [])
        .filter((point) => finite(point?.at) !== null && finite(point?.price) !== null)
        .filter((point) => Number(point.at) <= extremeAt);
      if (!rows.length || !(originPrice > 0)) return finite(pack?.window?.startAt) ?? extremeAt;
      return rows.reduce((best, row) => (
        Math.abs(Number(row.price) - originPrice) < Math.abs(Number(best.price) - originPrice)
          ? row
          : best
      ), rows[0]).at;
    }
    
    function addLevelAnnotations(target, levelEvidence, eventAt, prefix = "Уровень") {
      const level = finite(levelEvidence?.level);
      if (level === null || level <= 0) return;
      const touches = (Array.isArray(levelEvidence?.touchTimes) ? levelEvidence.touchTimes : [])
        .map(finite)
        .filter((value) => value !== null)
        .sort((left, right) => left - right);
      const tolerancePercent = Math.max(0.02, finite(levelEvidence?.tolerancePercent) ?? 0.1);
      const lower = level * (1 - tolerancePercent / 100);
      const upper = level * (1 + tolerancePercent / 100);
      const startAt = touches[0] ?? eventAt - 20 * 60_000;
      target.push({
        type: "zone",
        startAt,
        endAt: eventAt + 60_000,
        low: lower,
        high: upper,
        label: `${prefix} · ${levelEvidence?.touchCount ?? touches.length} касания`,
        tone: "blue",
      });
      touches.slice(-8).forEach((time, index) => target.push({
        type: "point",
        time,
        price: level,
        label: `T${Math.max(1, (levelEvidence?.touchCount ?? touches.length) - touches.slice(-8).length + index + 1)}`,
        tone: "blue",
      }));
    }
    
    function addCascadeAnnotations(target, cascade, eventAt, prefix = "") {
      const extrema = (Array.isArray(cascade?.extrema) ? cascade.extrema : [])
        .map((row) => ({ time: finite(row?.at ?? row?.time), price: finite(row?.price) }))
        .filter((row) => row.time !== null && row.price !== null && row.price > 0);
      if (!extrema.length) return;
      const highSide = cascade?.side === "high";
      const marker = highSide ? "H" : "L";
      const low = finite(cascade?.zoneLower) ?? Math.min(...extrema.map((row) => row.price));
      const high = finite(cascade?.zoneUpper) ?? Math.max(...extrema.map((row) => row.price));
      target.push({
        type: "zone",
        startAt: extrema[0].time,
        endAt: eventAt + 60_000,
        low,
        high,
        label: `${prefix}${prefix ? " · " : ""}зона каскада ${extrema.length} экстремума`,
        tone: "warning",
      });
      extrema.forEach((row, index) => {
        target.push({
          type: "ray",
          startAt: row.time,
          price: row.price,
          label: `${marker}${index + 1}`,
          tone: highSide ? "danger" : "success",
          state: "ACTIVE",
        });
        if (index > 0) {
          target.push({
            type: "segment",
            a: extrema[index - 1],
            b: row,
            label: index === extrema.length - 1 ? "ступени каскада" : "",
            tone: "warning",
          });
        }
      });
      const nearest = finite(cascade?.nearestStepPrice);
      if (nearest !== null) {
        target.push({
          type: "line",
          price: nearest,
          startAt: extrema[0].time,
          endAt: eventAt + 60_000,
          label: "ближайшая ступень",
          tone: "warning",
        });
      }
    }
    
    function addExtremeMapAnnotations(target, extremeMap, eventAt, eventPrice) {
      const rows = [];
      for (const [timeframe, map] of Object.entries(extremeMap?.timeframes ?? {})) {
        for (const extreme of map?.active ?? []) {
          const price = finite(extreme?.price);
          const extremeTime = finite(extreme?.extremeTime ?? extreme?.time ?? extreme?.at);
          if (!(price > 0) || extremeTime === null) continue;
          const distance = eventPrice > 0 ? Math.abs(price - eventPrice) / eventPrice * 100 : 0;
          if (distance > 8) continue;
          rows.push({ ...extreme, timeframe, price, extremeTime, distance });
        }
      }
      rows.sort((left, right) => left.distance - right.distance || right.confirmedAt - left.confirmedAt);
    
      // The same physical swing can be present on several timeframes. Keep one ray at
      // the actual extremum point and combine its TF labels instead of painting duplicate
      // lines on top of each other.
      const groups = [];
      for (const row of rows.slice(0, 64)) {
        const side = row.side === "HIGH" ? "HIGH" : "LOW";
        const match = groups.find((group) => {
          if (group.side !== side) return false;
          const priceDistance = Math.abs(group.price - row.price) / Math.max(group.price, row.price) * 100;
          const timeDistance = Math.abs(group.extremeTime - row.extremeTime);
          return priceDistance <= 0.015 && timeDistance <= 2 * 60_000;
        });
        if (match) {
          match.timeframes.add(row.timeframe);
          match.touchCount = Math.max(match.touchCount, Number(row.touchCount) || 1);
          match.confirmedAt = Math.min(match.confirmedAt, finite(row.confirmedAt) ?? match.confirmedAt);
          if (side === "HIGH" && row.price > match.price) {
            match.price = row.price;
            match.extremeTime = row.extremeTime;
          }
          if (side === "LOW" && row.price < match.price) {
            match.price = row.price;
            match.extremeTime = row.extremeTime;
          }
          continue;
        }
        groups.push({
          side,
          price: row.price,
          extremeTime: row.extremeTime,
          confirmedAt: finite(row.confirmedAt) ?? eventAt,
          touchCount: Math.max(1, Number(row.touchCount) || 1),
          timeframes: new Set([row.timeframe]),
          distance: row.distance,
        });
      }
    
      for (const extreme of groups.slice(0, 32)) {
        const high = extreme.side === "HIGH";
        const timeframes = [...extreme.timeframes]
          .sort((left, right) => (EPISODE_CHART_INTERVALS[left] ?? Infinity) - (EPISODE_CHART_INTERVALS[right] ?? Infinity));
        const label = `${high ? "H" : "L"} ${timeframes.join("/")} ×${extreme.touchCount}`;
        target.push({
          type: "ray",
          startAt: extreme.extremeTime,
          price: extreme.price,
          label,
          tone: high ? "danger" : "success",
          state: "ACTIVE",
          side: extreme.side,
          timeframes,
        });
      }
    }
    
    function addLevelMapAnnotations(target, levelMap, eventAt, eventPrice) {
      const zones = (Array.isArray(levelMap?.activeZones) ? levelMap.activeZones : [])
        .map((zone) => {
          const lower = finite(zone?.lowerPrice);
          const upper = finite(zone?.upperPrice);
          const boundary = zone?.side === "HIGH" ? upper : lower;
          const distance = eventPrice > 0 && boundary > 0 ? Math.abs(boundary - eventPrice) / eventPrice * 100 : 0;
          return { ...zone, lower, upper, boundary, distance };
        })
        .filter((zone) => zone.lower > 0 && zone.upper > 0 && zone.distance <= 8)
        .sort((left, right) => left.distance - right.distance);
      for (const zone of zones.slice(0, 8)) {
        const high = zone.side === "HIGH";
        const timeframes = (Array.isArray(zone.timeframes) ? zone.timeframes : []).join("/");
        const compression = zone?.setupFeatures?.compressionType;
        const label = `${high ? "H" : "L"} зона ×${zone.touchCount ?? 1}${timeframes ? ` · ${timeframes}` : ""}`;
        target.push({
          type: "zone",
          startAt: finite(zone.firstFormedAt) ?? eventAt - 60_000,
          endAt: eventAt + 60_000,
          low: zone.lower,
          high: zone.upper,
          label: compression && compression !== "NO_COMPRESSION" ? `${label} · ${compression}` : label,
          tone: high ? "danger" : "success",
        });
      }
      for (const event of Array.isArray(levelMap?.eventHistory) ? levelMap.eventHistory.slice(-8) : []) {
        const triggeredAt = finite(event?.triggeredAt);
        if (triggeredAt === null) continue;
        target.push({
          type: "event",
          time: triggeredAt,
          label: `ПРОХОД ${event.direction === "UP" ? "ВВЕРХ" : "ВНИЗ"}`,
          tone: "warning",
        });
        if (finite(event?.acceptedAt) !== null) {
          target.push({ type: "event", time: event.acceptedAt, label: "ПРИНЯТИЕ", tone: "success" });
        }
        if (finite(event?.reclaimedAt) !== null) {
          target.push({ type: "event", time: event.reclaimedAt, label: "ПРОКОЛ И ВОЗВРАТ", tone: "danger" });
        }
        if (finite(event?.retestedAt) !== null) {
          target.push({ type: "event", time: event.retestedAt, label: "РЕТЕСТ", tone: "blue" });
        }
      }
    }
    
    function addCascadeMapAnnotations(target, cascadeMap, eventAt, eventPrice) {
      const events = Array.isArray(cascadeMap?.history) ? cascadeMap.history : [];
      const ranked = events
        .filter((event) => Array.isArray(event?.levelPrices) && event.levelPrices.length >= 2)
        .map((event) => ({
          ...event,
          distance: eventPrice > 0
            ? Math.abs((finite(event.levelPrices[0]) ?? eventPrice) - eventPrice) / eventPrice * 100
            : 0,
        }))
        .filter((event) => event.distance <= 8)
        .sort((left, right) => right.setupDetectedAt - left.setupDetectedAt || left.distance - right.distance)
        .slice(0, 1);
      for (const event of ranked) {
        const endAt = finite(event.completedAt) ?? finite(event.failedAt) ?? eventAt + 60_000;
        event.levelPrices.forEach((price, index) => {
          const value = finite(price);
          if (!(value > 0)) return;
          const gap = index > 0 ? finite(event.adjacentGapPct?.[index - 1]) : null;
          const touches = event.touchCounts?.[index] ?? 1;
          target.push({
            type: "line",
            price: value,
            startAt: event.setupDetectedAt,
            endAt,
            label: `К${index + 1} ×${touches}${gap === null ? "" : ` · gap ${gap.toFixed(2)}%`}`,
            tone: index < event.levelsBroken ? "success" : "warning",
          });
        });
        target.push({ type: "event", time: event.setupDetectedAt, label: `КАСКАД SETUP · ${event.levelIds.length} уровня`, tone: "blue" });
        if (finite(event.triggeredAt) !== null) target.push({ type: "event", time: event.triggeredAt, label: "КАСКАД TRIGGERED · снят К1", tone: "warning" });
        if (finite(event.confirmedAt) !== null) target.push({ type: "event", time: event.confirmedAt, label: "КАСКАД CONFIRMED · снят К2", tone: "success" });
        if (event.state === "EXTENDED") target.push({ type: "event", time: event.brokenAt?.[2] ?? event.completedAt, label: `КАСКАД EXTENDED · ${event.levelsBroken} уровня`, tone: "success" });
        if (event.state === "PARTIAL") target.push({ type: "event", time: event.failedAt, label: "КАСКАД PARTIAL", tone: "warning" });
        if (event.state === "FAILED") target.push({ type: "event", time: event.failedAt, label: `КАСКАД FAILED · ${event.failureReasons?.[0] ?? "отмена"}`, tone: "danger" });
      }
    }
    
    export function buildPatternAnnotations(episode) {
      const latest = episode?.latest ?? {};
      const evidence = latest?.evidence ?? {};
      const pack = episode?.evidencePack ?? null;
      const eventAt = finite(pack?.window?.eventAt) ?? finite(episode?.firstSeenAt) ?? Date.now();
      const eventPrice = finite(latest?.price) ?? finite(pack?.pricePoints?.find?.((row) => row.at >= eventAt)?.price);
      const annotations = [{
        type: "event",
        time: eventAt,
        label: "КАНДИДАТ",
        tone: "accent",
      }];
    
      if (String(episode?.candidateType ?? "").startsWith("level_break_attempt")) {
        addLevelAnnotations(annotations, evidence, eventAt, "Уровень пробоя");
      }
    
      if (String(episode?.candidateType ?? "").startsWith("cascade_structure")) {
        addCascadeAnnotations(annotations, evidence, eventAt);
      }
    
      const canonicalLevelMap = pack?.levelMapLatest ?? pack?.levelMap;
      // Every active extremum remains visible as a ray from its actual swing point until
      // the detector invalidates it. Canonical zones stay as context, not as a substitute
      // for the underlying extrema.
      addExtremeMapAnnotations(annotations, pack?.extremeMap, eventAt, eventPrice);
      addLevelMapAnnotations(annotations, canonicalLevelMap, eventAt, eventPrice);
      addCascadeMapAnnotations(annotations, pack?.cascadeMapLatest ?? pack?.cascadeMap, eventAt, eventPrice);
    
      if (episode?.candidateType === "down_reversal_attempt" || episode?.candidateType === "up_reversal_attempt") {
        const extremeAt = finite(evidence?.extremeAt);
        const extremePrice = finite(evidence?.extremePrice);
        const originPrice = finite(evidence?.originPrice);
        if (extremeAt !== null && extremePrice !== null) {
          const downImpulse = evidence?.impulseSide === "down";
          annotations.push({
            type: "ray",
            startAt: extremeAt,
            price: extremePrice,
            label: downImpulse ? "LOW" : "HIGH",
            tone: downImpulse ? "success" : "danger",
            state: "ACTIVE",
          });
          if (originPrice !== null) {
            const originAt = nearestOriginAt(pack, extremeAt, originPrice);
            annotations.push({
              type: "segment",
              a: { time: originAt, price: originPrice },
              b: { time: extremeAt, price: extremePrice },
              label: downImpulse ? "импульс вниз" : "импульс вверх",
              tone: "danger",
            });
          }
          if (eventPrice !== null) {
            annotations.push({
              type: "segment",
              a: { time: extremeAt, price: extremePrice },
              b: { time: eventAt, price: eventPrice },
              label: downImpulse ? "резкий выкуп" : "резкий слив",
              tone: downImpulse ? "success" : "danger",
            });
          }
        }
        addLevelAnnotations(annotations, evidence?.originLevel, eventAt, "Исходный уровень");
        addCascadeAnnotations(annotations, evidence?.originCascade, eventAt, "Исходный каскад");
      }
    
      return annotations.filter((annotation) => annotation && annotation.type);
    }
    
    export function patternAnnotationSummary(annotations) {
      const rows = [];
      for (const annotation of Array.isArray(annotations) ? annotations : []) {
        if (!annotation?.label || annotation.type === "event") continue;
        if (!rows.includes(annotation.label)) rows.push(annotation.label);
      }
      return rows.slice(0, 12);
    }
    
    export function episodeHistoryBounds(eventAt, intervalMs, contextMs) {
      const event = finite(eventAt);
      const interval = finite(intervalMs);
      const context = finite(contextMs);
      if (event === null || interval === null || context === null) {
        throw new TypeError("Некорректные границы свечного контекста");
      }
      if (context >= EPISODE_CONTEXT_RANGES["30d"]) {
        return {
          startTime: Math.max(0, event - EPISODE_CONTEXT_RANGES["30d"]),
          endTime: Math.min(Date.now(), event + interval),
          coverageEndTime: event,
          mode: "THIRTY_DAYS_BEFORE_EVENT",
        };
      }
      return {
        startTime: Math.max(0, event - context),
        endTime: Math.min(Date.now(), event + context),
        coverageEndTime: Math.min(Date.now(), event + context),
        mode: "SYMMETRIC_CONTEXT",
      };
    }
    
    export function buildCandleCoverage(candles, {
      startTime,
      endTime,
      coverageEndTime = endTime,
      intervalMs,
      source = "BINANCE_FUTURES_KLINES",
      pages = 0,
    } = {}) {
      const rows = Array.isArray(candles) ? candles : [];
      const requestedFrom = finite(startTime);
      const requestedTo = finite(coverageEndTime);
      const interval = finite(intervalMs);
      const actualFrom = finite(rows[0]?.time);
      const actualTo = finite(rows.at(-1)?.time);
      if (requestedFrom === null || requestedTo === null || interval === null || interval <= 0) {
        return Object.freeze({ source, complete: false, ratio: 0, reason: "INVALID_BOUNDS", pages, candles: rows.length });
      }
      const expectedFirstOpen = Math.ceil(requestedFrom / interval) * interval;
      const expectedLastOpen = Math.floor(requestedTo / interval) * interval;
      const requestedSpan = Math.max(interval, expectedLastOpen - expectedFirstOpen + interval);
      const coveredFrom = actualFrom === null ? requestedTo : Math.max(expectedFirstOpen, actualFrom);
      const coveredTo = actualTo === null ? requestedFrom : Math.min(expectedLastOpen, actualTo);
      const coveredSpan = Math.max(0, coveredTo - coveredFrom + interval);
      const ratio = Math.max(0, Math.min(1, coveredSpan / requestedSpan));
      const complete = actualFrom !== null
        && actualTo !== null
        && actualFrom <= expectedFirstOpen + interval
        && actualTo >= expectedLastOpen - interval;
      return Object.freeze({
        source,
        requestedFrom,
        requestedTo,
        requestedEndTime: finite(endTime),
        actualFrom,
        actualTo,
        expectedFirstOpen,
        expectedLastOpen,
        intervalMs: interval,
        requestedDays: (requestedTo - requestedFrom) / 86_400_000,
        actualDays: actualFrom === null || actualTo === null ? 0 : Math.max(0, (actualTo - actualFrom + interval) / 86_400_000),
        ratio,
        complete,
        reason: complete ? null : rows.length ? "PARTIAL_BINANCE_COVERAGE" : "NO_CANDLES",
        pages,
        candles: rows.length,
      });
    }
    
    async function fetchRestCandles(symbol, interval, eventAt, contextMs, signal) {
      const intervalMs = EPISODE_CHART_INTERVALS[interval];
      const bounds = episodeHistoryBounds(eventAt, intervalMs, contextMs);
      const { startTime, endTime } = bounds;
      const key = `${symbol}:${interval}:${startTime}:${endTime}:${bounds.coverageEndTime}`;
      if (candleCache.has(key)) return clone(candleCache.get(key));
      const candles = [];
      let cursor = startTime;
      let requests = 0;
      const expectedCandles = Math.ceil((endTime - startTime) / intervalMs) + 2;
      const maximumRequests = Math.min(64, Math.max(2, Math.ceil(expectedCandles / 1_500) + 2));
      while (cursor <= endTime && candles.length < 50_500 && requests < maximumRequests) {
        const query = new URLSearchParams({
          symbol,
          interval,
          startTime: String(Math.floor(cursor)),
          endTime: String(Math.floor(endTime)),
          limit: "1500",
        });
        const response = await fetch(`${KLINES_ENDPOINT}?${query}`, { signal, cache: "no-store" });
        if (!response.ok) throw new Error(`Binance klines HTTP ${response.status}`);
        const payload = await response.json();
        const page = (Array.isArray(payload) ? payload : []).map(parseKline).filter(Boolean);
        requests += 1;
        if (!page.length) break;
        for (const row of page) {
          if (row.time < startTime || row.time > endTime) continue;
          if (!candles.length || row.time > candles.at(-1).time) candles.push(row);
        }
        const next = page.at(-1).time + intervalMs;
        if (!(next > cursor)) break;
        cursor = next;
        if (page.length < 1_500 && cursor > bounds.coverageEndTime) break;
      }
      if (!candles.length) throw new Error("Binance не вернул свечи за выбранный период");
      const result = Object.freeze({
        candles: Object.freeze(candles),
        coverage: buildCandleCoverage(candles, {
          ...bounds,
          intervalMs,
          pages: requests,
        }),
      });
      candleCache.set(key, result);
      while (candleCache.size > 8) candleCache.delete(candleCache.keys().next().value);
      return clone(result);
    }
    
    export async function loadEpisodeCandles(episode, interval = "1h", contextRange = "30d", { signal } = {}) {
      const symbol = validSymbol(episode?.symbol);
      const eventAt = finite(episode?.evidencePack?.window?.eventAt) ?? finite(episode?.firstSeenAt);
      const intervalMs = EPISODE_CHART_INTERVALS[interval];
      const contextMs = EPISODE_CONTEXT_RANGES[contextRange];
      if (!symbol || eventAt === null || !intervalMs || !contextMs) throw new Error("Некорректные параметры графика эпизода");
      const bounds = episodeHistoryBounds(eventAt, intervalMs, contextMs);
      if (interval.endsWith("s")) {
        const candles = aggregateEpisodePricePoints(episode?.evidencePack?.pricePoints, intervalMs);
        if (!candles.length) throw new Error("Секундная история отсутствует: она доступна только из Evidence Pack");
        return {
          candles,
          coverage: buildCandleCoverage(candles, {
            ...bounds,
            intervalMs,
            source: "EVIDENCE_PACK",
            pages: 0,
          }),
        };
      }
      try {
        return await fetchRestCandles(symbol, interval, eventAt, contextMs, signal);
      } catch (error) {
        const fallback = aggregateMinuteCandles(episode?.evidencePack?.minuteCandles, intervalMs);
        if (fallback.length) {
          return {
            candles: fallback,
            coverage: buildCandleCoverage(fallback, {
              ...bounds,
              intervalMs,
              source: "EVIDENCE_PACK_FALLBACK",
              pages: 0,
            }),
          };
        }
        throw error;
      }
    }
    
    function fillAnnotationList(target, rows) {
      if (!target) return;
      const values = rows.length ? rows : ["Авторазметка для этого эпизода ещё не сформирована."];
      target.replaceChildren(...values.map((text) => {
        const item = document.createElement("li");
        item.textContent = text;
        return item;
      }));
    }
    
    class EpisodeFullChartController {
      constructor(card, episode) {
        this.card = card;
        this.episode = episode;
        this.id = episode.id;
        this.toggle = card.querySelector('[data-field="chart-toggle"]');
        this.shell = card.querySelector('[data-field="full-chart-shell"]');
        this.canvas = card.querySelector('[data-field="full-chart"]');
        this.tooltip = card.querySelector('[data-field="full-chart-tooltip"]');
        this.status = card.querySelector('[data-field="full-chart-status"]');
        this.annotationList = card.querySelector('[data-field="chart-annotation-list"]');
        this.annotationToggle = card.querySelector('[data-field="chart-annotations-toggle"]');
        this.volumeToggle = card.querySelector('[data-field="chart-volume-toggle"]');
        this.sessionsToggle = card.querySelector('[data-field="chart-sessions-toggle"]');
        this.timeframeButtons = [...card.querySelectorAll("[data-chart-timeframe]")];
        this.rangeButtons = [...card.querySelectorAll("[data-chart-range]")];
        this.toolButtons = [...card.querySelectorAll("[data-chart-tool]")];
        this.interval = "1h";
        this.contextRange = "30d";
        this.timeframeButtons.forEach((button) => button.classList.toggle("is-active", button.dataset.chartTimeframe === this.interval));
        this.rangeButtons.forEach((button) => button.classList.toggle("is-active", button.dataset.chartRange === this.contextRange));
        this.chart = null;
        this.abortController = null;
        this.generation = 0;
        this.annotations = buildPatternAnnotations(episode);
        this.opened = false;
        this.#bind();
      }
    
      #bind() {
        this.toggle?.addEventListener("click", () => this.opened ? this.close() : this.open());
        this.timeframeButtons.forEach((button) => button.addEventListener("click", () => {
          this.interval = button.dataset.chartTimeframe;
          this.timeframeButtons.forEach((item) => item.classList.toggle("is-active", item === button));
          this.#load();
        }));
        this.rangeButtons.forEach((button) => button.addEventListener("click", () => {
          this.contextRange = button.dataset.chartRange;
          this.rangeButtons.forEach((item) => item.classList.toggle("is-active", item === button));
          this.#load();
        }));
        this.toolButtons.forEach((button) => button.addEventListener("click", () => {
          this.chart?.setTool(button.dataset.chartTool);
        }));
        this.card.querySelector('[data-chart-action="undo"]')?.addEventListener("click", () => this.chart?.undoDrawing());
        this.card.querySelector('[data-chart-action="clear"]')?.addEventListener("click", () => this.chart?.clearDrawings());
        this.card.querySelector('[data-chart-action="reset"]')?.addEventListener("click", () => {
          this.#focusEvent();
        });
        this.card.querySelector('[data-chart-action="fit"]')?.addEventListener("click", () => {
          this.#fitRange();
        });
        this.annotationToggle?.addEventListener("change", () => {
          this.chart?.setAnnotations(this.annotationToggle.checked ? this.annotations : []);
        });
        this.volumeToggle?.addEventListener("change", () => this.chart?.setVolumeVisible(this.volumeToggle.checked));
        this.sessionsToggle?.addEventListener("change", () => this.chart?.setSessionsVisible(this.sessionsToggle.checked));
        const link = this.card.querySelector('[data-field="open-inpuls-chart"]');
        if (link) link.href = `./?symbol=${encodeURIComponent(this.episode.symbol)}`;
      }
    
      async open() {
        if (this.opened) return;
        const previous = controllers.get(activeEpisodeId);
        if (previous && previous !== this) previous.close({ preserveActive: true });
        activeEpisodeId = this.id;
        this.opened = true;
        this.shell.hidden = false;
        this.toggle.textContent = "Свернуть график";
        if (!this.chart) {
          this.chart = new CandlestickChart(this.canvas, this.tooltip, { storageKey: null });
          this.chart.setVolumeVisible(this.volumeToggle?.checked !== false);
          this.chart.setSessionsVisible(this.sessionsToggle?.checked !== false);
          this.chart.onToolChange = (tool) => {
            this.toolButtons.forEach((button) => button.classList.toggle("is-active", button.dataset.chartTool === tool));
          };
        }
        fillAnnotationList(this.annotationList, patternAnnotationSummary(this.annotations));
        await this.#load();
      }
    
      close({ preserveActive = false } = {}) {
        if (!this.opened) return;
        this.opened = false;
        this.abortController?.abort();
        this.abortController = null;
        this.chart?.destroy();
        this.chart = null;
        this.shell.hidden = true;
        this.toggle.textContent = "Открыть полноценный график";
        if (!preserveActive && activeEpisodeId === this.id) {
          activeEpisodeId = null;
          globalThis.dispatchEvent?.(new CustomEvent("inpuls:signal-lab-chart-closed", {
            detail: { episodeId: this.id },
          }));
        }
      }
    
      async #load() {
        if (!this.opened || !this.chart) return;
        this.generation += 1;
        const generation = this.generation;
        this.abortController?.abort();
        this.abortController = new AbortController();
        this.status.textContent = `Загружаю ${this.episode.symbol} · ${this.interval} · окно ${this.contextRange}…`;
        try {
          const loaded = await loadEpisodeCandles(this.episode, this.interval, this.contextRange, {
            signal: this.abortController.signal,
          });
          const candles = loaded.candles;
          const coverage = loaded.coverage;
          if (!this.opened || generation !== this.generation || !this.chart) return;
          this.chart.setData(candles, {
            symbol: this.episode.symbol,
            interval: this.interval,
            range: `episode-${this.contextRange}`,
            targetCandles: candles.length,
          });
          this.chart.setAnnotations(this.annotationToggle?.checked === false ? [] : this.annotations);
          if (this.contextRange === "30d" && candles.length <= 2_000) this.#fitRange(candles);
          else this.#focusEvent(candles);
          const percent = Math.round((coverage?.ratio ?? 0) * 100);
          const requestedDays = coverage?.requestedDays ?? 0;
          const actualDays = coverage?.actualDays ?? 0;
          this.status.dataset.coverage = coverage?.complete ? "complete" : "partial";
          this.status.textContent = `${coverage?.source ?? "UNKNOWN"} · ${candles.length} свечей · покрытие ${actualDays.toFixed(1)}/${requestedDays.toFixed(1)}д (${percent}%) · ${coverage?.complete ? "COMPLETE" : "PARTIAL"} · страниц ${coverage?.pages ?? 0}`;
        } catch (error) {
          if (error?.name === "AbortError") return;
          this.status.textContent = `График недоступен: ${String(error?.message ?? error)}`;
        }
      }
    
      #fitRange(candles = this.chart?.candles ?? []) {
        if (!this.chart || !candles.length) return;
        const maximumVisible = this.interval === "1m" ? Math.min(candles.length, 2_000) : candles.length;
        this.chart.visibleCount = Math.max(20, maximumVisible);
        this.chart.followLatest = false;
        this.chart.centerLatest = false;
        this.chart.priceScale = 1;
        this.chart.pricePan = 0;
        this.chart.fixedPriceDomain = null;
        this.chart.viewStart = Math.max(0, candles.length - maximumVisible);
        this.chart.render();
      }
    
      #focusEvent(candles = this.chart?.candles ?? []) {
        if (!this.chart || !candles.length) return;
        const eventAt = finite(this.episode?.evidencePack?.window?.eventAt) ?? finite(this.episode?.firstSeenAt);
        let eventIndex = candles.length - 1;
        if (eventAt !== null) {
          eventIndex = candles.reduce((bestIndex, candle, index) => (
            Math.abs(candle.time - eventAt) < Math.abs(candles[bestIndex].time - eventAt) ? index : bestIndex
          ), 0);
        }
        const preferred = this.interval.endsWith("s") ? 100 : this.interval === "1m" ? 80 : 60;
        this.chart.visibleCount = clamp(Math.min(candles.length, preferred), Math.min(20, candles.length), Math.max(20, candles.length));
        this.chart.followLatest = false;
        this.chart.centerLatest = false;
        this.chart.priceScale = 1;
        this.chart.pricePan = 0;
        this.chart.fixedPriceDomain = null;
        this.chart.viewStart = Math.max(0, eventIndex - this.chart.visibleCount * 0.52);
        this.chart.render();
      }
    
      destroy({ preserveActive = true } = {}) {
        if (this.opened) this.close({ preserveActive });
      }
    }
    
    export function mountEpisodeFullChart(card, episode, { autoOpen = false } = {}) {
      if (!card || !episode?.id) return null;
      const controller = new EpisodeFullChartController(card, episode);
      controllers.set(episode.id, controller);
      const shouldOpen = activeEpisodeId === episode.id || (autoOpen && !automaticFirstOpenUsed && activeEpisodeId === null);
      if (shouldOpen) {
        automaticFirstOpenUsed = true;
        queueMicrotask(() => controller.open());
      }
      return controller;
    }
    
    export function isEpisodeFullChartOpen() {
      return activeEpisodeId !== null;
    }
    
    export function disposeEpisodeFullCharts({ preserveActive = true } = {}) {
      for (const controller of controllers.values()) controller.destroy({ preserveActive });
      controllers.clear();
    }
    
    export function resetEpisodeFullChartState() {
      disposeEpisodeFullCharts({ preserveActive: false });
      activeEpisodeId = null;
      automaticFirstOpenUsed = false;
    }
    
  operator: 'match'
  stack: |-
    TestContext.<anonymous> (file:///home/runner/work/InPuls/InPuls/test/signal-lab-v6-canonical-structure.test.js:81:10)
    Test.runInAsyncScope (node:async_hooks:214:14)
    Test.run (node:internal/test_runner/test:1047:25)
    Test.processPendingSubtests (node:internal/test_runner/test:744:18)
    Test.postRun (node:internal/test_runner/test:1173:19)
    Test.run (node:internal/test_runner/test:1101:12)
    async Test.processPendingSubtests (node:internal/test_runner/test:744:7)
  ...
# Subtest: direct Spot history proxy preserves the symbol and tick size
ok 519 - direct Spot history proxy preserves the symbol and tick size
  ---
  duration_ms: 1.593179
  type: 'test'
  ...
# Subtest: multiplier Futures symbols can use scaled Spot history
ok 520 - multiplier Futures symbols can use scaled Spot history
  ---
  duration_ms: 0.374528
  type: 'test'
  ...
# Subtest: unknown Spot proxy is rejected instead of fabricating history
ok 521 - unknown Spot proxy is rejected instead of fabricating history
  ---
  duration_ms: 0.262208
  type: 'test'
  ...
# Subtest: collector exposes futures-first fallback and explicit history source
ok 522 - collector exposes futures-first fallback and explicit history source
  ---
  duration_ms: 0.526661
  type: 'test'
  ...
# Subtest: owner status never presents Spot proxy history as Futures history
ok 523 - owner status never presents Spot proxy history as Futures history
  ---
  duration_ms: 0.347628
  type: 'test'
  ...
# Subtest: trade observation invalidates confirmed levels without manufacturing candle extrema
ok 524 - trade observation invalidates confirmed levels without manufacturing candle extrema
  ---
  duration_ms: 4.256603
  type: 'test'
  ...
# Subtest: lean live snapshot preserves active extrema and omits heavy history
ok 525 - lean live snapshot preserves active extrema and omits heavy history
  ---
  duration_ms: 1.055777
  type: 'test'
  ...
# Subtest: registry observes only already hydrated timeframe engines
ok 526 - registry observes only already hydrated timeframe engines
  ---
  duration_ms: 1.186271
  type: 'test'
  ...
# Subtest: collector live path is candle-driven and uses lean extreme maps
ok 527 - collector live path is candle-driven and uses lean extreme maps
  ---
  duration_ms: 0.942456
  type: 'test'
  ...
# Subtest: owner UI no longer rebuilds all episode cards every five seconds
ok 528 - owner UI no longer rebuilds all episode cards every five seconds
  ---
  duration_ms: 0.415614
  type: 'test'
  ...
# Subtest: minute history produces only fully closed higher-timeframe candles
ok 529 - minute history produces only fully closed higher-timeframe candles
  ---
  duration_ms: 1.157758
  type: 'test'
  ...
# Subtest: incomplete current bucket falls back to the previous complete bucket
ok 530 - incomplete current bucket falls back to the previous complete bucket
  ---
  duration_ms: 0.380148
  type: 'test'
  ...
# Subtest: warmed symbols retain enough minute history for a complete 1d candle
ok 531 - warmed symbols retain enough minute history for a complete 1d candle
  ---
  duration_ms: 4.913056
  type: 'test'
  ...
# Subtest: warmed minute history remains bounded while supporting daily aggregation
ok 532 - warmed minute history remains bounded while supporting daily aggregation
  ---
  duration_ms: 0.749917
  type: 'test'
  ...
# Subtest: Signal Lab publishes the intended 1d, 3d, 7d and 30d windows
ok 533 - Signal Lab publishes the intended 1d, 3d, 7d and 30d windows
  ---
  duration_ms: 3.469405
  type: 'test'
  ...
# Subtest: event review rows keep unique IDs, real chart evidence and manual verdicts
ok 534 - event review rows keep unique IDs, real chart evidence and manual verdicts
  ---
  duration_ms: 3.955722
  type: 'test'
  ...
# Subtest: impulses stay in raw memory but are excluded from the current Pattern Lab
ok 535 - impulses stay in raw memory but are excluded from the current Pattern Lab
  ---
  duration_ms: 1.137811
  type: 'test'
  ...
# Subtest: primary statistics use only complete live observations and expose every exclusion
ok 536 - primary statistics use only complete live observations and expose every exclusion
  ---
  duration_ms: 1.953871
  type: 'test'
  ...
# Subtest: formula versions and settings never share one statistical group
ok 537 - formula versions and settings never share one statistical group
  ---
  duration_ms: 14.401839
  type: 'test'
  ...
# Subtest: market groups combine symbols while symbol groups keep coin histories separate
ok 538 - market groups combine symbols while symbol groups keep coin histories separate
  ---
  duration_ms: 0.475676
  type: 'test'
  ...
# Subtest: lookback windows use signal time and do not leak older events into 1d
ok 539 - lookback windows use signal time and do not leak older events into 1d
  ---
  duration_ms: 0.670129
  type: 'test'
  ...
# Subtest: large density size is not promoted into importance or outcome statistics
ok 540 - large density size is not promoted into importance or outcome statistics
  ---
  duration_ms: 0.475807
  type: 'test'
  ...
# Subtest: duplicate entity IDs are de-duplicated before aggregation
ok 541 - duplicate entity IDs are de-duplicated before aggregation
  ---
  duration_ms: 0.545617
  type: 'test'
  ...
# Subtest: Signal Lab degrades safely when IndexedDB is unavailable
ok 542 - Signal Lab degrades safely when IndexedDB is unavailable
  ---
  duration_ms: 1.399098
  type: 'test'
  ...
# Subtest: browser runtime wires persistent Signal Lab without adding destructive controls
ok 543 - browser runtime wires persistent Signal Lab without adding destructive controls
  ---
  duration_ms: 11.45109
  type: 'test'
  ...
# Subtest: Signal Lab review UI exposes comments and enriched JSON/CSV export
ok 544 - Signal Lab review UI exposes comments and enriched JSON/CSV export
  ---
  duration_ms: 2.118698
  type: 'test'
  ...
# Subtest: browser entry points keep user version v23 and identify the current release build
ok 545 - browser entry points keep user version v23 and identify the current release build
  ---
  duration_ms: 11.005861
  type: 'test'
  ...
# Subtest: v23 DOM exposes fixed price steps, live Tape and footprint controls
ok 546 - v23 DOM exposes fixed price steps, live Tape and footprint controls
  ---
  duration_ms: 3.492238
  type: 'test'
  ...
# Subtest: INPLAY exposes and applies the NATR 5 filter
ok 547 - INPLAY exposes and applies the NATR 5 filter
  ---
  duration_ms: 1.721558
  type: 'test'
  ...
# Subtest: market symbols are validated before subscriptions and detail rendering avoids dynamic HTML
ok 548 - market symbols are validated before subscriptions and detail rendering avoids dynamic HTML
  ---
  duration_ms: 2.521539
  type: 'test'
  ...
# Subtest: browser entry points carry a restrictive CSP and reset scripts stay external
ok 549 - browser entry points carry a restrictive CSP and reset scripts stay external
  ---
  duration_ms: 2.576873
  type: 'test'
  ...
# Subtest: Service Worker removes retired app-shell caches and stays network-only
ok 550 - Service Worker removes retired app-shell caches and stays network-only
  ---
  duration_ms: 0.794832
  type: 'test'
  ...
# Subtest: chart pointer work is coalesced through animation frames and first-anchor snapping is available
ok 551 - chart pointer work is coalesced through animation frames and first-anchor snapping is available
  ---
  duration_ms: 0.962473
  type: 'test'
  ...
# Subtest: small panels keep compact menus and smaller resize corners
ok 552 - small panels keep compact menus and smaller resize corners
  ---
  duration_ms: 1.914318
  type: 'test'
  ...
# Subtest: brightness control keeps fixed accents and morphs from sun to moon
ok 553 - brightness control keeps fixed accents and morphs from sun to moon
  ---
  duration_ms: 3.446583
  type: 'test'
  ...
# Subtest: orderbook price text is separated from the size boundary
ok 554 - orderbook price text is separated from the size boundary
  ---
  duration_ms: 2.603392
  type: 'test'
  ...
# Subtest: event radar beta is isolated from the three existing discovery blocks
ok 555 - event radar beta is isolated from the three existing discovery blocks
  ---
  duration_ms: 4.192504
  type: 'test'
  ...
1..555
# tests 555
# suites 0
# pass 554
# fail 1
# cancelled 0
# skipped 0
# todo 0
# duration_ms 2903.710099
